Component: ARM Compiler 5.06 update 3 (build 300) Tool: armlink [4d35c9]

==============================================================================

Section Cross References

    main.o(i.main) refers to misc.o(i.NVIC_PriorityGroupConfig) for NVIC_PriorityGroupConfig
    main.o(i.main) refers to device_dio.o(i.LedGpioInit) for LedGpioInit
    main.o(i.main) refers to canopenobjdictconfig.o(i.CanopenInit) for CanopenInit
    main.o(i.main) refers to can_stm32.o(i.canSend) for canSend
    main.o(i.main) refers to main.o(.data) for .data
    globalvar.o(.data) refers to objdict.o(.data) for ObjDict_Data
    dcf.o(i.CheckSDOAndContinue) refers to sdo.o(i.getWriteResultNetworkDict) for getWriteResultNetworkDict
    dcf.o(i.CheckSDOAndContinue) refers to sdo.o(i.getReadResultNetworkDict) for getReadResultNetworkDict
    dcf.o(i.CheckSDOAndContinue) refers to dcf.o(i.read_consise_dcf_next_entry) for read_consise_dcf_next_entry
    dcf.o(i.CheckSDOAndContinue) refers to dcf.o(i.start_and_seek_node) for start_and_seek_node
    dcf.o(i.CheckSDOAndContinue) refers to dcf.o(i.init_consise_dcf) for init_consise_dcf
    dcf.o(i.CheckSDOAndContinue) refers to dcf.o(i.write_consise_dcf_next_entry) for write_consise_dcf_next_entry
    dcf.o(i.CheckSDOAndContinue) refers to nmtmaster.o(i.masterSendNMTstateChange) for masterSendNMTstateChange
    dcf.o(i.SaveNode) refers to sdo.o(i.writeNetworkDictCallBackAI) for writeNetworkDictCallBackAI
    dcf.o(i.SaveNode) refers to dcf.o(i.CheckSDOAndContinue) for CheckSDOAndContinue
    dcf.o(i.check_and_start_node) refers to dcf.o(i.init_consise_dcf) for init_consise_dcf
    dcf.o(i.check_and_start_node) refers to dcf.o(i.read_consise_dcf_next_entry) for read_consise_dcf_next_entry
    dcf.o(i.check_and_start_node) refers to dcf.o(i.start_node) for start_node
    dcf.o(i.read_consise_dcf_next_entry) refers to dcf.o(i.get_next_DCF_data) for get_next_DCF_data
    dcf.o(i.read_consise_dcf_next_entry) refers to sdo.o(i.readNetworkDictCallbackAI) for readNetworkDictCallbackAI
    dcf.o(i.read_consise_dcf_next_entry) refers to dcf.o(i.CheckSDOAndContinue) for CheckSDOAndContinue
    dcf.o(i.write_consise_dcf_next_entry) refers to dcf.o(i.get_next_DCF_data) for get_next_DCF_data
    dcf.o(i.write_consise_dcf_next_entry) refers to sdo.o(i.writeNetworkDictCallBackAI) for writeNetworkDictCallBackAI
    dcf.o(i.write_consise_dcf_next_entry) refers to dcf.o(i.CheckSDOAndContinue) for CheckSDOAndContinue
    emcy.o(i.EMCY_errorRecovered) refers to emcy.o(i.sendEMCY) for sendEMCY
    emcy.o(i.EMCY_setError) refers to emcy.o(i.sendEMCY) for sendEMCY
    emcy.o(i.emergencyInit) refers to objacces.o(i.RegisterSetODentryCallBack) for RegisterSetODentryCallBack
    emcy.o(i.emergencyInit) refers to emcy.o(i.OnNumberOfErrorsUpdate) for OnNumberOfErrorsUpdate
    emcy.o(i.sendEMCY) refers to rt_memcpy_v6.o(.text) for __aeabi_memcpy
    emcy.o(i.sendEMCY) refers to can_stm32.o(i.canSend) for canSend
    lifegrd.o(i.GuardTimeAlarm) refers to nmtmaster.o(i.masterSendNMTnodeguard) for masterSendNMTnodeguard
    lifegrd.o(i.GuardTimeAlarm) refers to timer.o(i.DelAlarm) for DelAlarm
    lifegrd.o(i.OnHeartbeatProducerUpdate) refers to lifegrd.o(i.heartbeatStop) for heartbeatStop
    lifegrd.o(i.OnHeartbeatProducerUpdate) refers to lifegrd.o(i.heartbeatInit) for heartbeatInit
    lifegrd.o(i.OnNodeGuardUpdate) refers to lifegrd.o(i.nodeguardStop) for nodeguardStop
    lifegrd.o(i.OnNodeGuardUpdate) refers to lifegrd.o(i.nodeguardInit) for nodeguardInit
    lifegrd.o(i.ProducerHeartbeatAlarm) refers to can_stm32.o(i.canSend) for canSend
    lifegrd.o(i.ProducerHeartbeatAlarm) refers to timer.o(i.DelAlarm) for DelAlarm
    lifegrd.o(i.heartbeatInit) refers to objacces.o(i.RegisterSetODentryCallBack) for RegisterSetODentryCallBack
    lifegrd.o(i.heartbeatInit) refers to timer.o(i.SetAlarm) for SetAlarm
    lifegrd.o(i.heartbeatInit) refers to lifegrd.o(i.OnHeartbeatProducerUpdate) for OnHeartbeatProducerUpdate
    lifegrd.o(i.heartbeatInit) refers to lifegrd.o(i.ConsumerHeartbeatAlarm) for ConsumerHeartbeatAlarm
    lifegrd.o(i.heartbeatInit) refers to lifegrd.o(i.ProducerHeartbeatAlarm) for ProducerHeartbeatAlarm
    lifegrd.o(i.heartbeatStop) refers to timer.o(i.DelAlarm) for DelAlarm
    lifegrd.o(i.lifeGuardInit) refers to lifegrd.o(i.heartbeatInit) for heartbeatInit
    lifegrd.o(i.lifeGuardInit) refers to lifegrd.o(i.nodeguardInit) for nodeguardInit
    lifegrd.o(i.lifeGuardStop) refers to lifegrd.o(i.heartbeatStop) for heartbeatStop
    lifegrd.o(i.lifeGuardStop) refers to lifegrd.o(i.nodeguardStop) for nodeguardStop
    lifegrd.o(i.nodeguardInit) refers to objacces.o(i.RegisterSetODentryCallBack) for RegisterSetODentryCallBack
    lifegrd.o(i.nodeguardInit) refers to timer.o(i.SetAlarm) for SetAlarm
    lifegrd.o(i.nodeguardInit) refers to lifegrd.o(i.OnNodeGuardUpdate) for OnNodeGuardUpdate
    lifegrd.o(i.nodeguardInit) refers to lifegrd.o(i.GuardTimeAlarm) for GuardTimeAlarm
[...]
    .data                                    0x20000020   Section        2  objdict.o(.data)
    .data                                    0x20000024   Section        4  objdict.o(.data)
    .data                                    0x20000028   Section        2  objdict.o(.data)
    .data                                    0x2000002a   Section        2  objdict.o(.data)
    .data                                    0x2000002c   Section        4  objdict.o(.data)
    .data                                    0x20000030   Section        1  objdict.o(.data)
    .data                                    0x20000034   Section        4  objdict.o(.data)
    .data                                    0x20000038   Section        4  objdict.o(.data)
    .data                                    0x2000003c   Section        1  objdict.o(.data)
    .data                                    0x20000040   Section        4  objdict.o(.data)
    .data                                    0x20000044   Section       12  objdict.o(.data)
    .data                                    0x20000050   Section        1  objdict.o(.data)
    .data                                    0x20000054   Section       12  objdict.o(.data)
    .data                                    0x20000060   Section        1  objdict.o(.data)
    .data                                    0x20000064   Section        4  objdict.o(.data)
    .data                                    0x20000068   Section        4  objdict.o(.data)
    .data                                    0x2000006c   Section        8  objdict.o(.data)
    .data                                    0x20000074   Section       12  objdict.o(.data)
    .data                                    0x20000080   Section        4  objdict.o(.data)
    .data                                    0x20000084   Section       12  objdict.o(.data)
    .data                                    0x20000090   Section        2  objdict.o(.data)
    .data                                    0x20000092   Section        1  objdict.o(.data)
    .data                                    0x20000093   Section        1  objdict.o(.data)
    .data                                    0x20000094   Section        4  objdict.o(.data)
    .data                                    0x20000098   Section        4  objdict.o(.data)
    .data                                    0x2000009c   Section        4  objdict.o(.data)
    .data                                    0x200000a0   Section        4  objdict.o(.data)
    .data                                    0x200000a4   Section       60  objdict.o(.data)
    .data                                    0x200000e0   Section        1  objdict.o(.data)
    .data                                    0x200000e4   Section        4  objdict.o(.data)
    .data                                    0x200000e8   Section        4  objdict.o(.data)
    .data                                    0x200000ec   Section        4  objdict.o(.data)
    .data                                    0x200000f0   Section        4  objdict.o(.data)
    .data                                    0x200000f4   Section       60  objdict.o(.data)
    .data                                    0x20000130   Section        4  objdict.o(.data)
    .data                                    0x20000134   Section       12  objdict.o(.data)
    .data                                    0x20000140   Section        1  objdict.o(.data)
    .data                                    0x20000142   Section        2  objdict.o(.data)
    .data                                    0x20000144   Section        4  objdict.o(.data)
    .data                                    0x20000148   Section       24  objdict.o(.data)
    .data                                    0x20000160   Section        2  objdict.o(.data)
    .data                                    0x20000162   Section        1  objdict.o(.data)
    .data                                    0x20000164   Section        4  objdict.o(.data)
    .data                                    0x20000168   Section        4  objdict.o(.data)
    .data                                    0x2000016c   Section        4  objdict.o(.data)
    .data                                    0x20000170   Section        4  objdict.o(.data)
    .data                                    0x20000174   Section       60  objdict.o(.data)
    .data                                    0x200001b0   Section        1  objdict.o(.data)
    .data                                    0x200001b4   Section        4  objdict.o(.data)
    .data                                    0x200001b8   Section        4  objdict.o(.data)
    .data                                    0x200001bc   Section        1  objdict.o(.data)
    .data                                    0x200001c0   Section       48  objdict.o(.data)
    .data                                    0x200001f0   Section        1  objdict.o(.data)
    .data                                    0x200001f4   Section        4  objdict.o(.data)
    .data                                    0x200001f8   Section        1  objdict.o(.data)
    .data                                    0x200001fa   Section        2  objdict.o(.data)
    .data                                    0x200001fc   Section        1  objdict.o(.data)
    .data                                    0x200001fe   Section        2  objdict.o(.data)
    .data                                    0x20000200   Section       72  objdict.o(.data)
    .data                                    0x20000248   Section        1  objdict.o(.data)
    .data                                    0x2000024c   Section        4  objdict.o(.data)
    .data                                    0x20000250   Section        1  objdict.o(.data)
    .data                                    0x20000252   Section        2  objdict.o(.data)
    .data                                    0x20000254   Section        1  objdict.o(.data)
    .data                                    0x20000258   Section       72  objdict.o(.data)
    .data                                    0x200002a0   Section        1  objdict.o(.data)
    .data                                    0x200002a4   Section        8  objdict.o(.data)
    .data                                    0x200002ac   Section       36  objdict.o(.data)
    .data                                    0x200002d0   Section        1  objdict.o(.data)
    .data                                    0x200002d4   Section        8  objdict.o(.data)
    .data                                    0x200002dc   Section       36  objdict.o(.data)
    .data                                    0x20000300   Section        1  objdict.o(.data)
    .data                                    0x20000304   Section        4  objdict.o(.data)
    .data                                    0x20000308   Section        1  objdict.o(.data)
    .data                                    0x2000030a   Section        2  objdict.o(.data)
    .data                                    0x2000030c   Section        1  objdict.o(.data)
    .data                                    0x2000030e   Section        2  objdict.o(.data)
    .data                                    0x20000310   Section       72  objdict.o(.data)
    .data                                    0x20000358   Section        1  objdict.o(.data)
    .data                                    0x2000035c   Section        4  objdict.o(.data)
    .data                                    0x20000360   Section        1  objdict.o(.data)
    .data                                    0x20000362   Section        2  objdict.o(.data)
    .data                                    0x20000364   Section        1  objdict.o(.data)
    .data                                    0x20000366   Section        2  objdict.o(.data)
    .data                                    0x20000368   Section       72  objdict.o(.data)
    .data                                    0x200003b0   Section        1  objdict.o(.data)
    .data                                    0x200003b4   Section        8  objdict.o(.data)
    .data                                    0x200003bc   Section       48  objdict.o(.data)
    .data                                    0x200003ec   Section        1  objdict.o(.data)
    .data                                    0x200003f0   Section        8  objdict.o(.data)
    .data                                    0x200003f8   Section       48  objdict.o(.data)
    .data                                    0x20000428   Section        1  objdict.o(.data)
    .data                                    0x2000042c   Section       36  objdict.o(.data)
    .data                                    0x20000450   Section        1  objdict.o(.data)
    .data                                    0x20000454   Section       36  objdict.o(.data)
    .data                                    0x20000478   Section        1  objdict.o(.data)
    .data                                    0x2000047c   Section       36  objdict.o(.data)
    .data                                    0x200004a0   Section        1  objdict.o(.data)
    .data                                    0x200004a4   Section       48  objdict.o(.data)
    .data                                    0x200004d4   Section       36  objdict.o(.data)
    .data                                    0x200004f8   Section      572  objdict.o(.data)
    .data                                    0x20000734   Section      124  segger_rtt.o(.data)
    _ActiveTerminal                          0x20000734   Data           1  segger_rtt.o(.data)
    _SEGGER_RTT                              0x20000738   Data         120  segger_rtt.o(.data)
    .bss                                     0x200007b0   Section      192  timer.o(.bss)
    .bss                                     0x20000870   Section      112  objdict.o(.bss)
    .bss                                     0x200008e0   Section     1024  segger_rtt.o(.bss)
    _acUpBuffer                              0x200008e0   Data        1024  segger_rtt.o(.bss)
    .bss                                     0x20000ce0   Section       16  segger_rtt.o(.bss)
    _acDownBuffer                            0x20000ce0   Data          16  segger_rtt.o(.bss)
    .bss                                     0x20000cf0   Section       96  libspace.o(.bss)
    HEAP                                     0x20000d50   Section      512  startup_stm32f40_41xxx.o(HEAP)
    Heap_Mem                                 0x20000d50   Data         512  startup_stm32f40_41xxx.o(HEAP)
    STACK                                    0x20000f50   Section     1024  startup_stm32f40_41xxx.o(STACK)
    Stack_Mem                                0x20000f50   Data        1024  startup_stm32f40_41xxx.o(STACK)
    __initial_sp                             0x20001350   Data           0  startup_stm32f40_41xxx.o(STACK)

    Global Symbols

    Symbol Name                              Value     Ov Type        Size  Object(Section)

    BuildAttributes$$THM_ISAv4$E$P$D$K$B$S$7EM$VFPi3$EXTD16$VFPS$VFMA$PE$A:L22UL41UL21$X:L11$S22US41US21$IEEE1$IW$USESV6$~STKCKD$USESV7$~SHL$OSPACE$ROPI$EBA8$UX$STANDARDLIB$REQ8$PRES8$EABIv2 0x00000000   Number         0  anon$$obj.o ABSOLUTE
    __ARM_use_no_argv                        0x00000000   Number         0  main.o ABSOLUTE
    __ARM_exceptions_init                     - Undefined Weak Reference
    __alloca_initialize                       - Undefined Weak Reference
    __arm_preinit_                            - Undefined Weak Reference
    __cpp_initialize__aeabi_                  - Undefined Weak Reference
    __cxa_finalize                            - Undefined Weak Reference
    __rt_locale                               - Undefined Weak Reference
    __sigvec_lookup                           - Undefined Weak Reference
    _atexit_init                              - Undefined Weak Reference
    _call_atexit_fns                          - Undefined Weak Reference
    _clock_init                               - Undefined Weak Reference
    _fp_trap_init                             - Undefined Weak Reference
    _fp_trap_shutdown                         - Undefined Weak Reference
    _get_lc_collate                           - Undefined Weak Reference
    _get_lc_ctype                             - Undefined Weak Reference
    _get_lc_monetary                          - Undefined Weak Reference
    _get_lc_numeric                           - Undefined Weak Reference
    _get_lc_time                              - Undefined Weak Reference
    _getenv_init                              - Undefined Weak Reference
    _handle_redirection                       - Undefined Weak Reference
    _init_alloc                               - Undefined Weak Reference
    _init_user_alloc                          - Undefined Weak Reference
    _initio                                   - Undefined Weak Reference
    _rand_init                                - Undefined Weak Reference
    _signal_finish                            - Undefined Weak Reference
    _signal_init                              - Undefined Weak Reference
    _terminate_alloc                          - Undefined Weak Reference
    _terminate_user_alloc                     - Undefined Weak Reference
    _terminateio                              - Undefined Weak Reference
    __Vectors_Size                           0x00000188   Number         0  startup_stm32f40_41xxx.o ABSOLUTE
    __Vectors                                0x08000000   Data           4  startup_stm32f40_41xxx.o(RESET)
    __Vectors_End                            0x08000188   Data           0  startup_stm32f40_41xxx.o(RESET)
    __main                                   0x08000189   Thumb Code     8  __main.o(!!!main)
    __scatterload                            0x08000191   Thumb Code     0  __scatter.o(!!!scatter)
    __scatterload_rt2                        0x08000191   Thumb Code    44  __scatter.o(!!!scatter)
    __scatterload_rt2_thumb_only             0x08000191   Thumb Code     0  __scatter.o(!!!scatter)
    __scatterload_null                       0x0800019f   Thumb Code     0  __scatter.o(!!!scatter)
    __decompress                             0x080001c5   Thumb Code    90  __dczerorl2.o(!!dczerorl2)
    __decompress1                            0x080001c5   Thumb Code     0  __dczerorl2.o(!!dczerorl2)
    __scatterload_zeroinit                   0x08000221   Thumb Code    28  __scatter_zi.o(!!handler_zi)
    __rt_lib_init                            0x0800023d   Thumb Code     0  libinit.o(.ARM.Collect$$libinit$$00000000)
    __rt_lib_init_fp_1                       0x0800023f   Thumb Code     0  libinit2.o(.ARM.Collect$$libinit$$00000001)
    __rt_lib_init_alloca_1                   0x08000243   Thumb Code     0  libinit2.o(.ARM.Collect$$libinit$$0000002E)
    __rt_lib_init_argv_1                     0x08000243   Thumb Code     0  libinit2.o(.ARM.Collect$$libinit$$0000002C)
    __rt_lib_init_atexit_1                   0x08000243   Thumb Code     0  libinit2.o(.ARM.Collect$$libinit$$0000001B)
    __rt_lib_init_clock_1                    0x08000243   Thumb Code     0  libinit2.o(.ARM.Collect$$libinit$$00000021)
    __rt_lib_init_cpp_1                      0x08000243   Thumb Code     0  libinit2.o(.ARM.Collect$$libinit$$00000032)
    __rt_lib_init_exceptions_1               0x08000243   Thumb Code     0  libinit2.o(.ARM.Collect$$libinit$$00000030)
    __rt_lib_init_fp_trap_1                  0x08000243   Thumb Code     0  libinit2.o(.ARM.Collect$$libinit$$0000001F)
    __rt_lib_init_getenv_1                   0x08000243   Thumb Code     0  libinit2.o(.ARM.Collect$$libinit$$00000023)
    __rt_lib_init_heap_1                     0x08000243   Thumb Code     0  libinit2.o(.ARM.Collect$$libinit$$0000000A)
    __rt_lib_init_lc_collate_1               0x08000243   Thumb Code     0  libinit2.o(.ARM.Collect$$libinit$$00000011)
    __rt_lib_init_lc_ctype_1                 0x08000243   Thumb Code     0  libinit2.o(.ARM.Collect$$libinit$$00000013)
    __rt_lib_init_lc_monetary_1              0x08000243   Thumb Code     0  libinit2.o(.ARM.Collect$$libinit$$00000015)
    __rt_lib_init_lc_numeric_1               0x08000243   Thumb Code     0  libinit2.o(.ARM.Collect$$libinit$$00000017)
    __rt_lib_init_lc_time_1                  0x08000243   Thumb Code     0  libinit2.o(.ARM.Collect$$libinit$$00000019)
    __rt_lib_init_preinit_1                  0x08000243   Thumb Code     0  libinit2.o(.ARM.Collect$$libinit$$00000004)
    __rt_lib_init_rand_1                     0x08000243   Thumb Code     0  libinit2.o(.ARM.Collect$$libinit$$0000000E)
    __rt_lib_init_return                     0x08000243   Thumb Code     0  libinit2.o(.ARM.Collect$$libinit$$00000033)
    __rt_lib_init_signal_1                   0x08000243   Thumb Code     0  libinit2.o(.ARM.Collect$$libinit$$0000001D)
    __rt_lib_init_stdio_1                    0x08000243   Thumb Code     0  libinit2.o(.ARM.Collect$$libinit$$00000025)
    __rt_lib_init_user_alloc_1               0x08000243   Thumb Code     0  libinit2.o(.ARM.Collect$$libinit$$0000000C)
    __rt_lib_shutdown                        0x08000245   Thumb Code     0  libshutdown.o(.ARM.Collect$$libshutdown$$00000000)
    __rt_lib_shutdown_cpp_1                  0x08000247   Thumb Code     0  libshutdown2.o(.ARM.Collect$$libshutdown$$00000002)
    __rt_lib_shutdown_fp_trap_1              0x08000247   Thumb Code     0  libshutdown2.o(.ARM.Collect$$libshutdown$$00000007)
    __rt_lib_shutdown_heap_1                 0x08000247   Thumb Code     0  libshutdown2.o(.ARM.Collect$$libshutdown$$0000000F)
    __rt_lib_shutdown_return                 0x08000247   Thumb Code     0  libshutdown2.o(.ARM.Collect$$libshutdown$$00000010)
    __rt_lib_shutdown_signal_1               0x08000247   Thumb Code     0  libshutdown2.o(.ARM.Collect$$libshutdown$$0000000A)
    __rt_lib_shutdown_stdio_1                0x08000247   Thumb Code     0  libshutdown2.o(.ARM.Collect$$libshutdown$$00000004)
    __rt_lib_shutdown_user_alloc_1           0x08000247   Thumb Code     0  libshutdown2.o(.ARM.Collect$$libshutdown$$0000000C)
    __rt_entry                               0x08000249   Thumb Code     0  __rtentry.o(.ARM.Collect$$rtentry$$00000000)
    __rt_entry_presh_1                       0x08000249   Thumb Code     0  __rtentry2.o(.ARM.Collect$$rtentry$$00000002)
    __rt_entry_sh                            0x08000249   Thumb Code     0  __rtentry4.o(.ARM.Collect$$rtentry$$00000004)
    __rt_entry_li                            0x0800024f   Thumb Code     0  __rtentry2.o(.ARM.Collect$$rtentry$$0000000A)
    __rt_entry_postsh_1                      0x0800024f   Thumb Code     0  __rtentry2.o(.ARM.Collect$$rtentry$$00000009)
    __rt_entry_main                          0x08000253   Thumb Code     0  __rtentry2.o(.ARM.Collect$$rtentry$$0000000D)
    __rt_entry_postli_1                      0x08000253   Thumb Code     0  __rtentry2.o(.ARM.Collect$$rtentry$$0000000C)
    __rt_exit                                0x0800025b   Thumb Code     0  rtexit.o(.ARM.Collect$$rtexit$$00000000)
    __rt_exit_ls                             0x0800025d   Thumb Code     0  rtexit2.o(.ARM.Collect$$rtexit$$00000003)
    __rt_exit_prels_1                        0x0800025d   Thumb Code     0  rtexit2.o(.ARM.Collect$$rtexit$$00000002)
    __rt_exit_exit                           0x08000261   Thumb Code     0  rtexit2.o(.ARM.Collect$$rtexit$$00000004)
    Reset_Handler                            0x08000269   Thumb Code     8  startup_stm32f40_41xxx.o(.text)
    SVC_Handler                              0x0800027b   Thumb Code     2  startup_stm32f40_41xxx.o(.text)
    PendSV_Handler                           0x0800027f   Thumb Code     2  startup_stm32f40_41xxx.o(.text)
    SysTick_Handler                          0x08000281   Thumb Code     2  startup_stm32f40_41xxx.o(.text)
    ADC_IRQHandler                           0x08000283   Thumb Code     0  startup_stm32f40_41xxx.o(.text)
    CAN1_RX1_IRQHandler                      0x08000283   Thumb Code     0  startup_stm32f40_41xxx.o(.text)
    CAN1_SCE_IRQHandler                      0x08000283   Thumb Code     0  startup_stm32f40_41xxx.o(.text)
    CAN1_TX_IRQHandler                       0x08000283   Thumb Code     0  startup_stm32f40_41xxx.o(.text)
    CAN2_RX1_IRQHandler                      0x08000283   Thumb Code     0  startup_stm32f40_41xxx.o(.text)
    CAN2_SCE_IRQHandler                      0x08000283   Thumb Code     0  startup_stm32f40_41xxx.o(.text)
    CAN2_TX_IRQHandler                       0x08000283   Thumb Code     0  startup_stm32f40_41xxx.o(.text)
    CRYP_IRQHandler                          0x08000283   Thumb Code     0  startup_stm32f40_41xxx.o(.text)
    DCMI_IRQHandler                          0x08000283   Thumb Code     0  startup_stm32f40_41xxx.o(.text)
    DMA1_Stream0_IRQHandler                  0x08000283   Thumb Code     0  startup_stm32f40_41xxx.o(.text)
    DMA1_Stream1_IRQHandler                  0x08000283   Thumb Code     0  startup_stm32f40_41xxx.o(.text)
    DMA1_Stream2_IRQHandler                  0x08000283   Thumb Code     0  startup_stm32f40_41xxx.o(.text)
    DMA1_Stream3_IRQHandler                  0x08000283   Thumb Code     0  startup_stm32f40_41xxx.o(.text)
    DMA1_Stream4_IRQHandler                  0x08000283   Thumb Code     0  startup_stm32f40_41xxx.o(.text)
    DMA1_Stream5_IRQHandler                  0x08000283   Thumb Code     0  startup_stm32f40_41xxx.o(.text)
    DMA1_Stream6_IRQHandler                  0x08000283   Thumb Code     0  startup_stm32f40_41xxx.o(.text)
    DMA1_Stream7_IRQHandler                  0x08000283   Thumb Code     0  startup_stm32f40_41xxx.o(.text)
    DMA2_Stream0_IRQHandler                  0x08000283   Thumb Code     0  startup_stm32f40_41xxx.o(.text)
    DMA2_Stream1_IRQHandler                  0x08000283   Thumb Code     0  startup_stm32f40_41xxx.o(.text)
    DMA2_Stream2_IRQHandler                  0x08000283   Thumb Code     0  startup_stm32f40_41xxx.o(.text)
    DMA2_Stream3_IRQHandler                  0x08000283   Thumb Code     0  startup_stm32f40_41xxx.o(.text)
    DMA2_Stream4_IRQHandler                  0x08000283   Thumb Code     0  startup_stm32f40_41xxx.o(.text)
    DMA2_Stream5_IRQHandler                  0x08000283   Thumb Code     0  startup_stm32f40_41xxx.o(.text)
    DMA2_Stream6_IRQHandler                  0x08000283   Thumb Code     0  startup_stm32f40_41xxx.o(.text)
    DMA2_Stream7_IRQHandler                  0x08000283   Thumb Code     0  startup_stm32f40_41xxx.o(.text)
    ETH_IRQHandler                           0x08000283   Thumb Code     0  startup_stm32f40_41xxx.o(.text)
    ETH_WKUP_IRQHandler                      0x08000283   Thumb Code     0  startup_stm32f40_41xxx.o(.text)
    EXTI0_IRQHandler                         0x08000283   Thumb Code     0  startup_stm32f40_41xxx.o(.text)
    EXTI15_10_IRQHandler                     0x08000283   Thumb Code     0  startup_stm32f40_41xxx.o(.text)
    EXTI1_IRQHandler                         0x08000283   Thumb Code     0  startup_stm32f40_41xxx.o(.text)
    EXTI2_IRQHandler                         0x08000283   Thumb Code     0  startup_stm32f40_41xxx.o(.text)
    EXTI3_IRQHandler                         0x08000283   Thumb Code     0  startup_stm32f40_41xxx.o(.text)
    EXTI4_IRQHandler                         0x08000283   Thumb Code     0  startup_stm32f40_41xxx.o(.text)
    EXTI9_5_IRQHandler                       0x08000283   Thumb Code     0  startup_stm32f40_41xxx.o(.text)
    FLASH_IRQHandler                         0x08000283   Thumb Code     0  startup_stm32f40_41xxx.o(.text)
    FPU_IRQHandler                           0x08000283   Thumb Code     0  startup_stm32f40_41xxx.o(.text)
    FSMC_IRQHandler                          0x08000283   Thumb Code     0  startup_stm32f40_41xxx.o(.text)
    HASH_RNG_IRQHandler                      0x08000283   Thumb Code     0  startup_stm32f40_41xxx.o(.text)
    I2C1_ER_IRQHandler                       0x08000283   Thumb Code     0  startup_stm32f40_41xxx.o(.text)
    I2C1_EV_IRQHandler                       0x08000283   Thumb Code     0  startup_stm32f40_41xxx.o(.text)
    I2C2_ER_IRQHandler                       0x08000283   Thumb Code     0  startup_stm32f40_41xxx.o(.text)
    I2C2_EV_IRQHandler                       0x08000283   Thumb Code     0  startup_stm32f40_41xxx.o(.text)
    I2C3_ER_IRQHandler                       0x08000283   Thumb Code     0  startup_stm32f40_41xxx.o(.text)
    I2C3_EV_IRQHandler                       0x08000283   Thumb Code     0  startup_stm32f40_41xxx.o(.text)
    OTG_FS_IRQHandler                        0x08000283   Thumb Code     0  startup_stm32f40_41xxx.o(.text)
    OTG_FS_WKUP_IRQHandler                   0x08000283   Thumb Code     0  startup_stm32f40_41xxx.o(.text)
    OTG_HS_EP1_IN_IRQHandler                 0x08000283   Thumb Code     0  startup_stm32f40_41xxx.o(.text)
    OTG_HS_EP1_OUT_IRQHandler                0x08000283   Thumb Code     0  startup_stm32f40_41xxx.o(.text)
    OTG_HS_IRQHandler                        0x08000283   Thumb Code     0  startup_stm32f40_41xxx.o(.text)
    OTG_HS_WKUP_IRQHandler                   0x08000283   Thumb Code     0  startup_stm32f40_41xxx.o(.text)
    PVD_IRQHandler                           0x08000283   Thumb Code     0  startup_stm32f40_41xxx.o(.text)
    RCC_IRQHandler                           0x08000283   Thumb Code     0  startup_stm32f40_41xxx.o(.text)
    RTC_Alarm_IRQHandler                     0x08000283   Thumb Code     0  startup_stm32f40_41xxx.o(.text)
    RTC_WKUP_IRQHandler                      0x08000283   Thumb Code     0  startup_stm32f40_41xxx.o(.text)
    SDIO_IRQHandler                          0x08000283   Thumb Code     0  startup_stm32f40_41xxx.o(.text)
    SPI1_IRQHandler                          0x08000283   Thumb Code     0  startup_stm32f40_41xxx.o(.text)
    SPI2_IRQHandler                          0x08000283   Thumb Code     0  startup_stm32f40_41xxx.o(.text)
    SPI3_IRQHandler                          0x08000283   Thumb Code     0  startup_stm32f40_41xxx.o(.text)
    TAMP_STAMP_IRQHandler                    0x08000283   Thumb Code     0  startup_stm32f40_41xxx.o(.text)
    TIM1_BRK_TIM9_IRQHandler                 0x08000283   Thumb Code     0  startup_stm32f40_41xxx.o(.text)
    TIM1_CC_IRQHandler                       0x08000283   Thumb Code     0  startup_stm32f40_41xxx.o(.text)
    TIM1_TRG_COM_TIM11_IRQHandler            0x08000283   Thumb Code     0  startup_stm32f40_41xxx.o(.text)
    TIM1_UP_TIM10_IRQHandler                 0x08000283   Thumb Code     0  startup_stm32f40_41xxx.o(.text)
    TIM2_IRQHandler                          0x08000283   Thumb Code     0  startup_stm32f40_41xxx.o(.text)
    TIM3_IRQHandler                          0x08000283   Thumb Code     0  startup_stm32f40_41xxx.o(.text)
    TIM5_IRQHandler                          0x08000283   Thumb Code     0  startup_stm32f40_41xxx.o(.text)
    TIM6_DAC_IRQHandler                      0x08000283   Thumb Code     0  startup_stm32f40_41xxx.o(.text)
    TIM7_IRQHandler                          0x08000283   Thumb Code     0  startup_stm32f40_41xxx.o(.text)
    TIM8_BRK_TIM12_IRQHandler                0x08000283   Thumb Code     0  startup_stm32f40_41xxx.o(.text)
    TIM8_CC_IRQHandler                       0x08000283   Thumb Code     0  startup_stm32f40_41xxx.o(.text)
    TIM8_TRG_COM_TIM14_IRQHandler            0x08000283   Thumb Code     0  startup_stm32f40_41xxx.o(.text)
    TIM8_UP_TIM13_IRQHandler                 0x08000283   Thumb Code     0  startup_stm32f40_41xxx.o(.text)
    UART4_IRQHandler                         0x08000283   Thumb Code     0  startup_stm32f40_41xxx.o(.text)
    UART5_IRQHandler                         0x08000283   Thumb Code     0  startup_stm32f40_41xxx.o(.text)
    USART1_IRQHandler                        0x08000283   Thumb Code     0  startup_stm32f40_41xxx.o(.text)
    USART2_IRQHandler                        0x08000283   Thumb Code     0  startup_stm32f40_41xxx.o(.text)
    USART3_IRQHandler                        0x08000283   Thumb Code     0  startup_stm32f40_41xxx.o(.text)
    USART6_IRQHandler                        0x08000283   Thumb Code     0  startup_stm32f40_41xxx.o(.text)
    WWDG_IRQHandler                          0x08000283   Thumb Code     0  startup_stm32f40_41xxx.o(.text)
    __user_initial_stackheap                 0x08000285   Thumb Code     0  startup_stm32f40_41xxx.o(.text)
    memcmp                                   0x080002a9   Thumb Code    88  memcmp.o(.text)
    __aeabi_memcpy                           0x08000301   Thumb Code     0  rt_memcpy_v6.o(.text)
    __rt_memcpy                              0x08000301   Thumb Code   138  rt_memcpy_v6.o(.text)
    _memcpy_lastbytes                        0x08000367   Thumb Code     0  rt_memcpy_v6.o(.text)
    __use_two_region_memory                  0x0800038b   Thumb Code     2  heapauxi.o(.text)
    __rt_heap_escrow$2region                 0x0800038d   Thumb Code     2  heapauxi.o(.text)
    __rt_heap_expand$2region                 0x0800038f   Thumb Code     2  heapauxi.o(.text)
    __aeabi_memcpy4                          0x08000391   Thumb Code     0  rt_memcpy_w.o(.text)
    __aeabi_memcpy8                          0x08000391   Thumb Code     0  rt_memcpy_w.o(.text)
    __rt_memcpy_w                            0x08000391   Thumb Code   100  rt_memcpy_w.o(.text)
    _memcpy_lastbytes_aligned                0x080003d9   Thumb Code     0  rt_memcpy_w.o(.text)
    __user_setup_stackheap                   0x080003f5   Thumb Code    74  sys_stackheap_outer.o(.text)
    exit                                     0x0800043f   Thumb Code    18  exit.o(.text)
    __user_libspace                          0x08000451   Thumb Code     8  libspace.o(.text)
    __user_perproc_libspace                  0x08000451   Thumb Code     0  libspace.o(.text)
    __user_perthread_libspace                0x08000451   Thumb Code     0  libspace.o(.text)
    _sys_exit                                0x08000459   Thumb Code     8  sys_exit.o(.text)
    __I$use$semihosting                      0x08000465   Thumb Code     0  use_no_semi.o(.text)
    __use_no_semihosting_swi                 0x08000465   Thumb Code     2  use_no_semi.o(.text)
    BusFault_Handler                         0x08000467   Thumb Code     2  stm32f4xx_it.o(i.BusFault_Handler)
    __semihosting_library_function           0x08000467   Thumb Code     0  indicate_semi.o(.text)
    CAN1_RX0_IRQHandler                      0x08000469   Thumb Code    90  can_stm32.o(i.CAN1_RX0_IRQHandler)
    CAN2_RX0_IRQHandler                      0x080004f5   Thumb Code    18  can_stm32.o(i.CAN2_RX0_IRQHandler)
    CANOpenMasterInit                        0x0800050d   Thumb Code    56  canopenobjdictconfig.o(i.CANOpenMasterInit)
    CAN_DeInit                               0x0800056d   Thumb Code    38  stm32f4xx_can.o(i.CAN_DeInit)
    CAN_FilterInit                           0x08000599   Thumb Code   194  stm32f4xx_can.o(i.CAN_FilterInit)
    CAN_ITConfig                             0x08000665   Thumb Code    16  stm32f4xx_can.o(i.CAN_ITConfig)
    CAN_Init                                 0x08000675   Thumb Code   232  stm32f4xx_can.o(i.CAN_Init)
    CAN_Receive                              0x0800075d   Thumb Code   142  stm32f4xx_can.o(i.CAN_Receive)
    CAN_SlaveStartBank                       0x080007ed   Thumb Code    38  stm32f4xx_can.o(i.CAN_SlaveStartBank)
    CAN_StructInit                           0x08000819   Thumb Code    32  stm32f4xx_can.o(i.CAN_StructInit)
    CAN_Transmit                             0x08000839   Thumb Code   164  stm32f4xx_can.o(i.CAN_Transmit)
    CanopenInit                              0x080008dd   Thumb Code    90  canopenobjdictconfig.o(i.CanopenInit)
    ConsumerHeartbeatAlarm                   0x08000941   Thumb Code    44  lifegrd.o(i.ConsumerHeartbeatAlarm)
    CopyBits                                 0x0800096d   Thumb Code   174  pdo.o(i.CopyBits)
    DebugMon_Handler                         0x08000a1b   Thumb Code     2  stm32f4xx_it.o(i.DebugMon_Handler)
    DelAlarm                                 0x08000a1d   Thumb Code    36  timer.o(i.DelAlarm)
    GPIO_Init                                0x08000a49   Thumb Code   120  stm32f4xx_gpio.o(i.GPIO_Init)
    GPIO_PinAFConfig                         0x08000ac1   Thumb Code    32  stm32f4xx_gpio.o(i.GPIO_PinAFConfig)
    GPIO_SetBits                             0x08000ae1   Thumb Code     4  stm32f4xx_gpio.o(i.GPIO_SetBits)
    GuardTimeAlarm                           0x08000ae5   Thumb Code    98  lifegrd.o(i.GuardTimeAlarm)
    HardFault_Handler                        0x08000b47   Thumb Code     2  stm32f4xx_it.o(i.HardFault_Handler)
    LedGpioInit                              0x08000b49   Thumb Code    58  device_dio.o(i.LedGpioInit)
    Master_heartbeatError                    0x08000b89   Thumb Code    10  canopenobjdictconfig.o(i.Master_heartbeatError)
    Master_initialisation                    0x08000bb1   Thumb Code   242  canopenobjdictconfig.o(i.Master_initialisation)
    Master_operational                       0x08000cbd   Thumb Code    78  canopenobjdictconfig.o(i.Master_operational)
    Master_post_SlaveBootup                  0x08000d25   Thumb Code    24  canopenobjdictconfig.o(i.Master_post_SlaveBootup)
    Master_post_SlaveStateChange             0x08000d59   Thumb Code    30  canopenobjdictconfig.o(i.Master_post_SlaveStateChange)
    Master_post_TPDO                         0x08000d7d   Thumb Code     2  canopenobjdictconfig.o(i.Master_post_TPDO)
    Master_post_emcy                         0x08000d81   Thumb Code    18  canopenobjdictconfig.o(i.Master_post_emcy)
    Master_post_sync                         0x08000d99   Thumb Code    28  canopenobjdictconfig.o(i.Master_post_sync)
    Master_preOperational                    0x08000dd9   Thumb Code     8  canopenobjdictconfig.o(i.Master_preOperational)
    Master_stopped                           0x08000df9   Thumb Code     8  canopenobjdictconfig.o(i.Master_stopped)
    MemManage_Handler                        0x08000e11   Thumb Code     2  stm32f4xx_it.o(i.MemManage_Handler)
    NMI_Handler                              0x08000e13   Thumb Code     2  stm32f4xx_it.o(i.NMI_Handler)
    NVIC_Init                                0x08000e15   Thumb Code    96  misc.o(i.NVIC_Init)
    NVIC_PriorityGroupConfig                 0x08000e79   Thumb Code    10  misc.o(i.NVIC_PriorityGroupConfig)
    ObjDict_scanIndexOD                      0x08000e8d   Thumb Code   304  objdict.o(i.ObjDict_scanIndexOD)
    ObjDict_valueRangeTest                   0x08000fcd   Thumb Code    16  objdict.o(i.ObjDict_valueRangeTest)
    OnCOB_ID_SyncUpdate                      0x08000fe1   Thumb Code    10  sync.o(i.OnCOB_ID_SyncUpdate)
    OnHeartbeatProducerUpdate                0x08000feb   Thumb Code    18  lifegrd.o(i.OnHeartbeatProducerUpdate)
    OnNodeGuardUpdate                        0x08000ffd   Thumb Code    18  lifegrd.o(i.OnNodeGuardUpdate)
    OnNumberOfErrorsUpdate                   0x0800100f   Thumb Code    38  emcy.o(i.OnNumberOfErrorsUpdate)
    PDOEventTimerAlarm                       0x08001035   Thumb Code    40  pdo.o(i.PDOEventTimerAlarm)
    PDOInhibitTimerAlarm                     0x0800105d   Thumb Code    42  pdo.o(i.PDOInhibitTimerAlarm)
    PDOInit                                  0x08001089   Thumb Code    82  pdo.o(i.PDOInit)
    PDOStop                                  0x080010e1   Thumb Code   104  pdo.o(i.PDOStop)
    ProducerHeartbeatAlarm                   0x08001149   Thumb Code    68  lifegrd.o(i.ProducerHeartbeatAlarm)
    RCC_AHB1PeriphClockCmd                   0x0800118d   Thumb Code    18  stm32f4xx_rcc.o(i.RCC_AHB1PeriphClockCmd)
    RCC_APB1PeriphClockCmd                   0x080011a5   Thumb Code    18  stm32f4xx_rcc.o(i.RCC_APB1PeriphClockCmd)
    RCC_APB1PeriphResetCmd                   0x080011bd   Thumb Code    18  stm32f4xx_rcc.o(i.RCC_APB1PeriphResetCmd)
    RegisterSetODentryCallBack               0x080011d5   Thumb Code    36  objacces.o(i.RegisterSetODentryCallBack)
    SDOTimeoutAlarm                          0x080011f9   Thumb Code   120  sdo.o(i.SDOTimeoutAlarm)
    SDOlineToObjdict                         0x08001275   Thumb Code    48  sdo.o(i.SDOlineToObjdict)
    SDOtoLine                                0x080012a5   Thumb Code    54  sdo.o(i.SDOtoLine)
    SEGGER_RTT_Write                         0x080012dd   Thumb Code   142  segger_rtt.o(i.SEGGER_RTT_Write)
    SEGGER_RTT_printf                        0x08001371   Thumb Code    22  segger_rtt_printf.o(i.SEGGER_RTT_printf)
    SEGGER_RTT_vprintf                       0x08001387   Thumb Code   376  segger_rtt_printf.o(i.SEGGER_RTT_vprintf)
    SetAlarm                                 0x08001501   Thumb Code   130  timer.o(i.SetAlarm)
    SyncAlarm                                0x08001641   Thumb Code     4  sync.o(i.SyncAlarm)
    SystemInit                               0x08001645   Thumb Code    74  system_stm32f4xx.o(i.SystemInit)
    TIM4_IRQHandler                          0x080016a1   Thumb Code    44  timer_stm32.o(i.TIM4_IRQHandler)
    TIM4_start                               0x080016d5   Thumb Code    92  timer_stm32.o(i.TIM4_start)
    TIM_ClearITPendingBit                    0x08001735   Thumb Code     6  stm32f4xx_tim.o(i.TIM_ClearITPendingBit)
    TIM_Cmd                                  0x0800173b   Thumb Code    20  stm32f4xx_tim.o(i.TIM_Cmd)
    TIM_GetCounter                           0x0800174f   Thumb Code     4  stm32f4xx_tim.o(i.TIM_GetCounter)
    TIM_GetITStatus                          0x08001753   Thumb Code    24  stm32f4xx_tim.o(i.TIM_GetITStatus)
    TIM_ITConfig                             0x0800176b   Thumb Code    16  stm32f4xx_tim.o(i.TIM_ITConfig)
    TIM_SetAutoreload                        0x0800177b   Thumb Code     4  stm32f4xx_tim.o(i.TIM_SetAutoreload)
    TIM_TimeBaseInit                         0x08001781   Thumb Code    96  stm32f4xx_tim.o(i.TIM_TimeBaseInit)
    TPDO_Communication_Parameter_Callback    0x080017fd   Thumb Code   102  pdo.o(i.TPDO_Communication_Parameter_Callback)
    TimeDispatch                             0x08001865   Thumb Code   144  timer.o(i.TimeDispatch)
    UsageFault_Handler                       0x080018fd   Thumb Code     2  stm32f4xx_it.o(i.UsageFault_Handler)
    _RxPDO_EventTimers_Handler               0x08001a99   Thumb Code     2  pdo.o(i._RxPDO_EventTimers_Handler)
    _getODentry                              0x08001ad9   Thumb Code   188  objacces.o(i._getODentry)
    _heartbeatError                          0x08001ba1   Thumb Code     2  lifegrd.o(i._heartbeatError)
    _initialisation                          0x08001ba3   Thumb Code     2  states.o(i._initialisation)
    _nodeguardError                          0x08001ba5   Thumb Code     2  lifegrd.o(i._nodeguardError)
    _operational                             0x08001ba7   Thumb Code     2  states.o(i._operational)
    _post_SlaveBootup                        0x08001ba9   Thumb Code     2  lifegrd.o(i._post_SlaveBootup)
    _post_SlaveStateChange                   0x08001bab   Thumb Code     2  lifegrd.o(i._post_SlaveStateChange)
    _post_TPDO                               0x08001bad   Thumb Code     2  sync.o(i._post_TPDO)
    _post_emcy                               0x08001baf   Thumb Code     2  emcy.o(i._post_emcy)
    _post_sync                               0x08001bb1   Thumb Code     2  sync.o(i._post_sync)
    _preOperational                          0x08001bb3   Thumb Code    16  states.o(i._preOperational)
    _sendPDOevent                            0x08001bc3   Thumb Code   286  pdo.o(i._sendPDOevent)
    _setODentry                              0x08001ce1   Thumb Code   226  objacces.o(i._setODentry)
    _stopped                                 0x08001dd1   Thumb Code     2  states.o(i._stopped)
    _storeODSubIndex                         0x08001dd3   Thumb Code     2  objacces.o(i._storeODSubIndex)
    buildPDO                                 0x08001dd5   Thumb Code   228  pdo.o(i.buildPDO)
    canDispatch                              0x08001eb9   Thumb Code   122  states.o(i.canDispatch)
    canInit                                  0x08001f35   Thumb Code   432  can_stm32.o(i.canInit)
    canSend                                  0x080020f1   Thumb Code    72  can_stm32.o(i.canSend)
    emergencyInit                            0x08002139   Thumb Code    26  emcy.o(i.emergencyInit)
    emergencyStop                            0x08002159   Thumb Code     2  emcy.o(i.emergencyStop)
    failedSDO                                0x0800215b   Thumb Code   142  sdo.o(i.failedSDO)
    getElapsedTime                           0x080021e9   Thumb Code    26  timer_stm32.o(i.getElapsedTime)
    getNodeId                                0x0800220d   Thumb Code     6  states.o(i.getNodeId)
    getSDOfreeLine                           0x08002213   Thumb Code    48  sdo.o(i.getSDOfreeLine)
    getSDOlineOnUse                          0x08002243   Thumb Code    58  sdo.o(i.getSDOlineOnUse)
    getSDOlineRestBytes                      0x0800227d   Thumb Code    26  sdo.o(i.getSDOlineRestBytes)
    heartbeatInit                            0x08002299   Thumb Code   118  lifegrd.o(i.heartbeatInit)
    heartbeatStop                            0x0800231d   Thumb Code    54  lifegrd.o(i.heartbeatStop)
    initSDOline                              0x08002355   Thumb Code   128  sdo.o(i.initSDOline)
    initTimer                                0x080023d9   Thumb Code     4  timer_stm32.o(i.initTimer)
    lifeGuardInit                            0x080023dd   Thumb Code    18  lifegrd.o(i.lifeGuardInit)
    lifeGuardStop                            0x080023ef   Thumb Code    18  lifegrd.o(i.lifeGuardStop)
    lineToSDO                                0x08002401   Thumb Code    60  sdo.o(i.lineToSDO)
    main                                     0x0800243d   Thumb Code    80  main.o(i.main)
    masterSendNMTnodeguard                   0x08002495   Thumb Code    34  nmtmaster.o(i.masterSendNMTnodeguard)
    masterSendNMTstateChange                 0x080024b7   Thumb Code    38  nmtmaster.o(i.masterSendNMTstateChange)
    nodeguardInit                            0x080024dd   Thumb Code   118  lifegrd.o(i.nodeguardInit)
    nodeguardStop                            0x0800255d   Thumb Code    18  lifegrd.o(i.nodeguardStop)
    objdictToSDOline                         0x0800256f   Thumb Code    60  sdo.o(i.objdictToSDOline)
    proceedEMCY                              0x080025ab   Thumb Code    34  emcy.o(i.proceedEMCY)
    proceedNMTstateChange                    0x080025cd   Thumb Code   152  nmtslave.o(i.proceedNMTstateChange)
    proceedNODE_GUARD                        0x08002665   Thumb Code   244  lifegrd.o(i.proceedNODE_GUARD)
    proceedPDO                               0x0800275d   Thumb Code   550  pdo.o(i.proceedPDO)
    proceedSDO                               0x08002985   Thumb Code  4820  sdo.o(i.proceedSDO)
    proceedSYNC                              0x08003c5d   Thumb Code    40  sync.o(i.proceedSYNC)
    resetSDO                                 0x08003c85   Thumb Code    24  sdo.o(i.resetSDO)
    resetSDOline                             0x08003c9d   Thumb Code    50  sdo.o(i.resetSDOline)
    scanIndexOD                              0x08003ccf   Thumb Code    22  objacces.o(i.scanIndexOD)
    sendOnePDOevent                          0x08003ce5   Thumb Code   256  pdo.o(i.sendOnePDOevent)
    sendSDO                                  0x08003e15   Thumb Code   120  sdo.o(i.sendSDO)
    sendSDOabort                             0x08003e8d   Thumb Code    56  sdo.o(i.sendSDOabort)
    sendSYNC                                 0x08003ec5   Thumb Code    20  sync.o(i.sendSYNC)
    sendSYNCMessage                          0x08003ed9   Thumb Code    34  sync.o(i.sendSYNCMessage)
    setNodeId                                0x08003efd   Thumb Code   306  states.o(i.setNodeId)
    setSDOlineRestBytes                      0x08004035   Thumb Code    22  sdo.o(i.setSDOlineRestBytes)
    setState                                 0x0800404d   Thumb Code   160  states.o(i.setState)
    setTimer                                 0x080040f1   Thumb Code     8  timer_stm32.o(i.setTimer)
    slaveSendBootUp                          0x080040fd   Thumb Code    42  nmtslave.o(i.slaveSendBootUp)
    startSYNC                                0x08004129   Thumb Code    84  sync.o(i.startSYNC)
    stopSYNC                                 0x08004185   Thumb Code    44  sync.o(i.stopSYNC)
    switchCommunicationState                 0x080041b1   Thumb Code   234  states.o(i.switchCommunicationState)
    _fp_init                                 0x0800429b   Thumb Code    10  fpinit.o(x$fpl$fpinit)
    __fplib_config_fpu_vfp                   0x080042a3   Thumb Code     0  fpinit.o(x$fpl$fpinit)
    __fplib_config_pureend_doubles           0x080042a3   Thumb Code     0  fpinit.o(x$fpl$fpinit)
    ObjDict_iam_a_slave                      0x080042e4   Data           1  objdict.o(.constdata)
    ObjDict_objdict                          0x080042e8   Data         176  objdict.o(.constdata)
    ObjDict_firstIndex                       0x08004398   Data          12  objdict.o(.constdata)
    ObjDict_lastIndex                        0x080043a4   Data          12  objdict.o(.constdata)
    ObjDict_ObjdictSize                      0x080043b0   Data           2  objdict.o(.constdata)
    Region$$Table$$Base                      0x08004424   Number         0  anon$$obj.o(Region$$Table)
    Region$$Table$$Limit                     0x08004444   Number         0  anon$$obj.o(Region$$Table)
    testMessage                              0x20000000   Data          12  main.o(.data)
    CANOpenMasterObject                      0x2000000c   Data           4  globalvar.o(.data)
    last_timer_raw                           0x20000010   Data           2  timer.o(.data)
    total_sleep_time                         0x20000014   Data           4  timer.o(.data)
    ControlWordAxis1                         0x2000001e   Data           2  objdict.o(.data)
    StatusWordAxis1                          0x20000020   Data           2  objdict.o(.data)
    PositionDemandValueAxis1                 0x20000024   Data           4  objdict.o(.data)
    ControlWordAxis2                         0x20000028   Data           2  objdict.o(.data)
    StatusWordAxis2                          0x2000002a   Data           2  objdict.o(.data)
    PositionDemandValueAxis2                 0x2000002c   Data           4  objdict.o(.data)
    InterpolationDataIndexNum                0x20000030   Data           1  objdict.o(.data)
    InterpolationDataAxis1                   0x20000034   Data           4  objdict.o(.data)
    InterpolationDataAxis2                   0x20000038   Data           4  objdict.o(.data)
    ObjDict_bDeviceNodeId                    0x2000003c   Data           1  objdict.o(.data)
    ObjDict_obj1000                          0x20000040   Data           4  objdict.o(.data)
    ObjDict_Index1000                        0x20000044   Data          12  objdict.o(.data)
    ObjDict_obj1001                          0x20000050   Data           1  objdict.o(.data)
    ObjDict_Index1001                        0x20000054   Data          12  objdict.o(.data)
    ObjDict_highestSubIndex_obj1003          0x20000060   Data           1  objdict.o(.data)
    ObjDict_obj1003                          0x20000064   Data           4  objdict.o(.data)
    ObjDict_obj1005                          0x20000068   Data           4  objdict.o(.data)
    ObjDict_Index1005_callbacks              0x2000006c   Data           4  objdict.o(.data)
    ObjDict_Index1006_callbacks              0x20000070   Data           4  objdict.o(.data)
    ObjDict_Index1005                        0x20000074   Data          12  objdict.o(.data)
    ObjDict_obj1006                          0x20000080   Data           4  objdict.o(.data)
    ObjDict_Index1006                        0x20000084   Data          12  objdict.o(.data)
    ObjDict_obj100C                          0x20000090   Data           2  objdict.o(.data)
    ObjDict_obj100D                          0x20000092   Data           1  objdict.o(.data)
    ObjDict_highestSubIndex_obj1010          0x20000093   Data           1  objdict.o(.data)
    ObjDict_obj1010_Save_All_Parameters      0x20000094   Data           4  objdict.o(.data)
    ObjDict_obj1010_Save_Communication_Parameters 0x20000098   Data           4  objdict.o(.data)
    ObjDict_obj1010_Save_Application_Parameters 0x2000009c   Data           4  objdict.o(.data)
    ObjDict_obj1010_Save_Manufacturer_Parameters_1 0x200000a0   Data           4  objdict.o(.data)
    ObjDict_Index1010                        0x200000a4   Data          60  objdict.o(.data)
    ObjDict_highestSubIndex_obj1011          0x200000e0   Data           1  objdict.o(.data)
    ObjDict_obj1011_Restore_All_Default_Parameters 0x200000e4   Data           4  objdict.o(.data)
    ObjDict_obj1011_Restore_Communication_Default_Parameters 0x200000e8   Data           4  objdict.o(.data)
    ObjDict_obj1011_Restore_Application_Default_Parameters 0x200000ec   Data           4  objdict.o(.data)
    ObjDict_obj1011_Restore_Manufacturer_Defined_Default_Parameters_1 0x200000f0   Data           4  objdict.o(.data)
    ObjDict_Index1011                        0x200000f4   Data          60  objdict.o(.data)
    ObjDict_obj1014                          0x20000130   Data           4  objdict.o(.data)
    ObjDict_Index1014                        0x20000134   Data          12  objdict.o(.data)
    ObjDict_highestSubIndex_obj1016          0x20000140   Data           1  objdict.o(.data)
    ObjDict_heartBeatTimers                  0x20000142   Data           2  objdict.o(.data)
    ObjDict_obj1016                          0x20000144   Data           4  objdict.o(.data)
    ObjDict_Index1016                        0x20000148   Data          24  objdict.o(.data)
    ObjDict_obj1017                          0x20000160   Data           2  objdict.o(.data)
    ObjDict_highestSubIndex_obj1018          0x20000162   Data           1  objdict.o(.data)
    ObjDict_obj1018_Vendor_ID                0x20000164   Data           4  objdict.o(.data)
    ObjDict_obj1018_Product_Code             0x20000168   Data           4  objdict.o(.data)
    ObjDict_obj1018_Revision_Number          0x2000016c   Data           4  objdict.o(.data)
    ObjDict_obj1018_Serial_Number            0x20000170   Data           4  objdict.o(.data)
    ObjDict_Index1018                        0x20000174   Data          60  objdict.o(.data)
    ObjDict_highestSubIndex_obj1280          0x200001b0   Data           1  objdict.o(.data)
    ObjDict_obj1280_COB_ID_Client_to_Server_Transmit_SDO 0x200001b4   Data           4  objdict.o(.data)
    ObjDict_obj1280_COB_ID_Server_to_Client_Receive_SDO 0x200001b8   Data           4  objdict.o(.data)
    ObjDict_obj1280_Node_ID_of_the_SDO_Server 0x200001bc   Data           1  objdict.o(.data)
    ObjDict_Index1280                        0x200001c0   Data          48  objdict.o(.data)
    ObjDict_highestSubIndex_obj1400          0x200001f0   Data           1  objdict.o(.data)
    ObjDict_obj1400_COB_ID_used_by_PDO       0x200001f4   Data           4  objdict.o(.data)
    ObjDict_obj1400_Transmission_Type        0x200001f8   Data           1  objdict.o(.data)
    ObjDict_obj1400_Inhibit_Time             0x200001fa   Data           2  objdict.o(.data)
    ObjDict_obj1400_Compatibility_Entry      0x200001fc   Data           1  objdict.o(.data)
    ObjDict_obj1400_Event_Timer              0x200001fe   Data           2  objdict.o(.data)
    ObjDict_Index1400                        0x20000200   Data          72  objdict.o(.data)
    ObjDict_highestSubIndex_obj1401          0x20000248   Data           1  objdict.o(.data)
    ObjDict_obj1401_COB_ID_used_by_PDO       0x2000024c   Data           4  objdict.o(.data)
    ObjDict_obj1401_Transmission_Type        0x20000250   Data           1  objdict.o(.data)
    ObjDict_obj1401_Inhibit_Time             0x20000252   Data           2  objdict.o(.data)
    ObjDict_obj1401_Compatibility_Entry      0x20000254   Data           1  objdict.o(.data)
    ObjDict_Index1401                        0x20000258   Data          72  objdict.o(.data)
    ObjDict_highestSubIndex_obj1600          0x200002a0   Data           1  objdict.o(.data)
    ObjDict_obj1600                          0x200002a4   Data           8  objdict.o(.data)
    ObjDict_Index1600                        0x200002ac   Data          36  objdict.o(.data)
    ObjDict_highestSubIndex_obj1601          0x200002d0   Data           1  objdict.o(.data)
    ObjDict_obj1601                          0x200002d4   Data           8  objdict.o(.data)
    ObjDict_Index1601                        0x200002dc   Data          36  objdict.o(.data)
    ObjDict_highestSubIndex_obj1800          0x20000300   Data           1  objdict.o(.data)
    ObjDict_obj1800_COB_ID_used_by_PDO       0x20000304   Data           4  objdict.o(.data)
    ObjDict_obj1800_Transmission_Type        0x20000308   Data           1  objdict.o(.data)
    ObjDict_obj1800_Inhibit_Time             0x2000030a   Data           2  objdict.o(.data)
    ObjDict_obj1800_Compatibility_Entry      0x2000030c   Data           1  objdict.o(.data)
    ObjDict_obj1800_Event_Timer              0x2000030e   Data           2  objdict.o(.data)
    ObjDict_Index1800                        0x20000310   Data          72  objdict.o(.data)
    ObjDict_highestSubIndex_obj1801          0x20000358   Data           1  objdict.o(.data)
    ObjDict_obj1801_COB_ID_used_by_PDO       0x2000035c   Data           4  objdict.o(.data)
    ObjDict_obj1801_Transmission_Type        0x20000360   Data           1  objdict.o(.data)
    ObjDict_obj1801_Inhibit_Time             0x20000362   Data           2  objdict.o(.data)
    ObjDict_obj1801_Compatibility_Entry      0x20000364   Data           1  objdict.o(.data)
    ObjDict_obj1801_Event_Timer              0x20000366   Data           2  objdict.o(.data)
    ObjDict_Index1801                        0x20000368   Data          72  objdict.o(.data)
    ObjDict_highestSubIndex_obj1A00          0x200003b0   Data           1  objdict.o(.data)
    ObjDict_obj1A00                          0x200003b4   Data           8  objdict.o(.data)
    ObjDict_Index1A00                        0x200003bc   Data          48  objdict.o(.data)
    ObjDict_highestSubIndex_obj1A01          0x200003ec   Data           1  objdict.o(.data)
    ObjDict_obj1A01                          0x200003f0   Data           8  objdict.o(.data)
    ObjDict_Index1A01                        0x200003f8   Data          48  objdict.o(.data)
    ObjDict_highestSubIndex_obj6040          0x20000428   Data           1  objdict.o(.data)
    ObjDict_Index6040                        0x2000042c   Data          36  objdict.o(.data)
    ObjDict_highestSubIndex_obj6041          0x20000450   Data           1  objdict.o(.data)
    ObjDict_Index6041                        0x20000454   Data          36  objdict.o(.data)
    ObjDict_highestSubIndex_obj6062          0x20000478   Data           1  objdict.o(.data)
    ObjDict_Index6062                        0x2000047c   Data          36  objdict.o(.data)
    ObjDict_highestSubIndex_obj60C1          0x200004a0   Data           1  objdict.o(.data)
    ObjDict_Index60c1                        0x200004a4   Data          48  objdict.o(.data)
    ObjDict_PDO_status                       0x200004d4   Data          36  objdict.o(.data)
    ObjDict_Data                             0x200004f8   Data         572  objdict.o(.data)
    timers                                   0x200007b0   Data         192  timer.o(.bss)
    ObjDict_Index1280_callbacks              0x20000870   Data          16  objdict.o(.bss)
    ObjDict_Index1400_callbacks              0x20000880   Data          24  objdict.o(.bss)
    ObjDict_Index1401_callbacks              0x20000898   Data          24  objdict.o(.bss)
    ObjDict_Index1800_callbacks              0x200008b0   Data          24  objdict.o(.bss)
    ObjDict_Index1801_callbacks              0x200008c8   Data          24  objdict.o(.bss)
    __libspace_start                         0x20000cf0   Data          96  libspace.o(.bss)
    __temporary_stack_top$libspace           0x20000d50   Data           0  libspace.o(.bss)



==============================================================================

Memory Map of the image

  Image Entry point : 0x08000189

  Load Region LR_IROM1 (Base: 0x08000000, Size: 0x00004bf4, Max: 0x00100000, ABSOLUTE, COMPRESSED[0x000046ac])

    Execution Region ER_IROM1 (Base: 0x08000000, Size: 0x00004444, Max: 0x00100000, ABSOLUTE)

    Base Addr    Size         Type   Attr      Idx    E Section Name        Object

    0x08000000   0x00000188   Data   RO         3462    RESET               startup_stm32f40_41xxx.o
    0x08000188   0x00000008   Code   RO         3516  * !!!main             c_w.l(__main.o)
    0x08000190   0x00000034   Code   RO         3677    !!!scatter          c_w.l(__scatter.o)
    0x080001c4   0x0000005a   Code   RO         3675    !!dczerorl2         c_w.l(__dczerorl2.o)
    0x0800021e   0x00000002   PAD
    0x08000220   0x0000001c   Code   RO         3679    !!handler_zi        c_w.l(__scatter_zi.o)
    0x0800023c   0x00000002   Code   RO         3545    .ARM.Collect$$libinit$$00000000  c_w.l(libinit.o)
    0x0800023e   0x00000004   Code   RO         3551    .ARM.Collect$$libinit$$00000001  c_w.l(libinit2.o)
    0x08000242   0x00000000   Code   RO         3554    .ARM.Collect$$libinit$$00000004  c_w.l(libinit2.o)
    0x08000242   0x00000000   Code   RO         3557    .ARM.Collect$$libinit$$0000000A  c_w.l(libinit2.o)
    0x08000242   0x00000000   Code   RO         3559    .ARM.Collect$$libinit$$0000000C  c_w.l(libinit2.o)
    0x08000242   0x00000000   Code   RO         3561    .ARM.Collect$$libinit$$0000000E  c_w.l(libinit2.o)
    0x08000242   0x00000000   Code   RO         3564    .ARM.Collect$$libinit$$00000011  c_w.l(libinit2.o)
    0x08000242   0x00000000   Code   RO         3566    .ARM.Collect$$libinit$$00000013  c_w.l(libinit2.o)
    0x08000242   0x00000000   Code   RO         3568    .ARM.Collect$$libinit$$00000015  c_w.l(libinit2.o)
    0x08000242   0x00000000   Code   RO         3570    .ARM.Collect$$libinit$$00000017  c_w.l(libinit2.o)
    0x08000242   0x00000000   Code   RO         3572    .ARM.Collect$$libinit$$00000019  c_w.l(libinit2.o)
    0x08000242   0x00000000   Code   RO         3574    .ARM.Collect$$libinit$$0000001B  c_w.l(libinit2.o)
    0x08000242   0x00000000   Code   RO         3576    .ARM.Collect$$libinit$$0000001D  c_w.l(libinit2.o)
    0x08000242   0x00000000   Code   RO         3578    .ARM.Collect$$libinit$$0000001F  c_w.l(libinit2.o)
    0x08000242   0x00000000   Code   RO         3580    .ARM.Collect$$libinit$$00000021  c_w.l(libinit2.o)
    0x08000242   0x00000000   Code   RO         3582    .ARM.Collect$$libinit$$00000023  c_w.l(libinit2.o)
    0x08000242   0x00000000   Code   RO         3584    .ARM.Collect$$libinit$$00000025  c_w.l(libinit2.o)
    0x08000242   0x00000000   Code   RO         3588    .ARM.Collect$$libinit$$0000002C  c_w.l(libinit2.o)
    0x08000242   0x00000000   Code   RO         3590    .ARM.Collect$$libinit$$0000002E  c_w.l(libinit2.o)
    0x08000242   0x00000000   Code   RO         3592    .ARM.Collect$$libinit$$00000030  c_w.l(libinit2.o)
    0x08000242   0x00000000   Code   RO         3594    .ARM.Collect$$libinit$$00000032  c_w.l(libinit2.o)
    0x08000242   0x00000002   Code   RO         3595    .ARM.Collect$$libinit$$00000033  c_w.l(libinit2.o)
    0x08000244   0x00000002   Code   RO         3615    .ARM.Collect$$libshutdown$$00000000  c_w.l(libshutdown.o)
    0x08000246   0x00000000   Code   RO         3628    .ARM.Collect$$libshutdown$$00000002  c_w.l(libshutdown2.o)
    0x08000246   0x00000000   Code   RO         3630    .ARM.Collect$$libshutdown$$00000004  c_w.l(libshutdown2.o)
    0x08000246   0x00000000   Code   RO         3633    .ARM.Collect$$libshutdown$$00000007  c_w.l(libshutdown2.o)
    0x08000246   0x00000000   Code   RO         3636    .ARM.Collect$$libshutdown$$0000000A  c_w.l(libshutdown2.o)
    0x08000246   0x00000000   Code   RO         3638    .ARM.Collect$$libshutdown$$0000000C  c_w.l(libshutdown2.o)
    0x08000246   0x00000000   Code   RO         3641    .ARM.Collect$$libshutdown$$0000000F  c_w.l(libshutdown2.o)
    0x08000246   0x00000002   Code   RO         3642    .ARM.Collect$$libshutdown$$00000010  c_w.l(libshutdown2.o)
    0x08000248   0x00000000   Code   RO         3518    .ARM.Collect$$rtentry$$00000000  c_w.l(__rtentry.o)
    0x08000248   0x00000000   Code   RO         3522    .ARM.Collect$$rtentry$$00000002  c_w.l(__rtentry2.o)
    0x08000248   0x00000006   Code   RO         3534    .ARM.Collect$$rtentry$$00000004  c_w.l(__rtentry4.o)
    0x0800024e   0x00000000   Code   RO         3524    .ARM.Collect$$rtentry$$00000009  c_w.l(__rtentry2.o)
    0x0800024e   0x00000004   Code   RO         3525    .ARM.Collect$$rtentry$$0000000A  c_w.l(__rtentry2.o)
    0x08000252   0x00000000   Code   RO         3527    .ARM.Collect$$rtentry$$0000000C  c_w.l(__rtentry2.o)
    0x08000252   0x00000008   Code   RO         3528    .ARM.Collect$$rtentry$$0000000D  c_w.l(__rtentry2.o)
    0x0800025a   0x00000002   Code   RO         3549    .ARM.Collect$$rtexit$$00000000  c_w.l(rtexit.o)
    0x0800025c   0x00000000   Code   RO         3597    .ARM.Collect$$rtexit$$00000002  c_w.l(rtexit2.o)
    0x0800025c   0x00000004   Code   RO         3598    .ARM.Collect$$rtexit$$00000003  c_w.l(rtexit2.o)
    0x08000260   0x00000006   Code   RO         3599    .ARM.Collect$$rtexit$$00000004  c_w.l(rtexit2.o)
    0x08000266   0x00000002   PAD
    0x08000268   0x00000040   Code   RO         3463    .text               startup_stm32f40_41xxx.o
    0x080002a8   0x00000058   Code   RO         3510    .text               c_w.l(memcmp.o)
    0x08000300   0x0000008a   Code   RO         3512    .text               c_w.l(rt_memcpy_v6.o)
    0x0800038a   0x00000006   Code   RO         3514    .text               c_w.l(heapauxi.o)
    0x08000390   0x00000064   Code   RO         3519    .text               c_w.l(rt_memcpy_w.o)
    0x080003f4   0x0000004a   Code   RO         3536    .text               c_w.l(sys_stackheap_outer.o)
    0x0800043e   0x00000012   Code   RO         3538    .text               c_w.l(exit.o)
    0x08000450   0x00000008   Code   RO         3546    .text               c_w.l(libspace.o)
    0x08000458   0x0000000c   Code   RO         3607    .text               c_w.l(sys_exit.o)
    0x08000464   0x00000002   Code   RO         3618    .text               c_w.l(use_no_semi.o)
    0x08000466   0x00000000   Code   RO         3620    .text               c_w.l(indicate_semi.o)
    0x08000466   0x00000002   Code   RO         3290    i.BusFault_Handler  stm32f4xx_it.o
    0x08000468   0x0000008c   Code   RO         1151    i.CAN1_RX0_IRQHandler  can_stm32.o
    0x080004f4   0x00000018   Code   RO         1152    i.CAN2_RX0_IRQHandler  can_stm32.o
    0x0800050c   0x00000060   Code   RO         1293    i.CANOpenMasterInit  canopenobjdictconfig.o
    0x0800056c   0x0000002c   Code   RO         1634    i.CAN_DeInit        stm32f4xx_can.o
    0x08000598   0x000000cc   Code   RO         1636    i.CAN_FilterInit    stm32f4xx_can.o
    0x08000664   0x00000010   Code   RO         1642    i.CAN_ITConfig      stm32f4xx_can.o
    0x08000674   0x000000e8   Code   RO         1643    i.CAN_Init          stm32f4xx_can.o
    0x0800075c   0x0000008e   Code   RO         1646    i.CAN_Receive       stm32f4xx_can.o
    0x080007ea   0x00000002   PAD
    0x080007ec   0x0000002c   Code   RO         1647    i.CAN_SlaveStartBank  stm32f4xx_can.o
    0x08000818   0x00000020   Code   RO         1649    i.CAN_StructInit    stm32f4xx_can.o
    0x08000838   0x000000a4   Code   RO         1651    i.CAN_Transmit      stm32f4xx_can.o
    0x080008dc   0x00000064   Code   RO         1294    i.CanopenInit       canopenobjdictconfig.o
    0x08000940   0x0000002c   Code   RO          397    i.ConsumerHeartbeatAlarm  lifegrd.o
    0x0800096c   0x000000ae   Code   RO          657    i.CopyBits          pdo.o
    0x08000a1a   0x00000002   Code   RO         3291    i.DebugMon_Handler  stm32f4xx_it.o
    0x08000a1c   0x0000002c   Code   RO         1107    i.DelAlarm          timer.o
    0x08000a48   0x00000078   Code   RO         1804    i.GPIO_Init         stm32f4xx_gpio.o
    0x08000ac0   0x00000020   Code   RO         1805    i.GPIO_PinAFConfig  stm32f4xx_gpio.o
    0x08000ae0   0x00000004   Code   RO         1812    i.GPIO_SetBits      stm32f4xx_gpio.o
    0x08000ae4   0x00000062   Code   RO          398    i.GuardTimeAlarm    lifegrd.o
    0x08000b46   0x00000002   Code   RO         3292    i.HardFault_Handler  stm32f4xx_it.o
    0x08000b48   0x00000040   Code   RO         1537    i.LedGpioInit       device_dio.o
    0x08000b88   0x00000028   Code   RO         1295    i.Master_heartbeatError  canopenobjdictconfig.o
    0x08000bb0   0x0000010c   Code   RO         1296    i.Master_initialisation  canopenobjdictconfig.o
    0x08000cbc   0x00000068   Code   RO         1297    i.Master_operational  canopenobjdictconfig.o
    0x08000d24   0x00000034   Code   RO         1298    i.Master_post_SlaveBootup  canopenobjdictconfig.o
    0x08000d58   0x00000024   Code   RO         1299    i.Master_post_SlaveStateChange  canopenobjdictconfig.o
    0x08000d7c   0x00000002   Code   RO         1300    i.Master_post_TPDO  canopenobjdictconfig.o
    0x08000d7e   0x00000002   PAD
    0x08000d80   0x00000018   Code   RO         1301    i.Master_post_emcy  canopenobjdictconfig.o
    0x08000d98   0x00000040   Code   RO         1302    i.Master_post_sync  canopenobjdictconfig.o
    0x08000dd8   0x00000020   Code   RO         1303    i.Master_preOperational  canopenobjdictconfig.o
    0x08000df8   0x00000018   Code   RO         1304    i.Master_stopped    canopenobjdictconfig.o
    0x08000e10   0x00000002   Code   RO         3293    i.MemManage_Handler  stm32f4xx_it.o
    0x08000e12   0x00000002   Code   RO         3294    i.NMI_Handler       stm32f4xx_it.o
    0x08000e14   0x00000064   Code   RO         1561    i.NVIC_Init         misc.o
    0x08000e78   0x00000014   Code   RO         1562    i.NVIC_PriorityGroupConfig  misc.o
    0x08000e8c   0x00000140   Code   RO         1391    i.ObjDict_scanIndexOD  objdict.o
    0x08000fcc   0x00000014   Code   RO         1392    i.ObjDict_valueRangeTest  objdict.o
    0x08000fe0   0x0000000a   Code   RO         1038    i.OnCOB_ID_SyncUpdate  sync.o
    0x08000fea   0x00000012   Code   RO          399    i.OnHeartbeatProducerUpdate  lifegrd.o
    0x08000ffc   0x00000012   Code   RO          400    i.OnNodeGuardUpdate  lifegrd.o
    0x0800100e   0x00000026   Code   RO          333    i.OnNumberOfErrorsUpdate  emcy.o
    0x08001034   0x00000028   Code   RO          658    i.PDOEventTimerAlarm  pdo.o
    0x0800105c   0x0000002a   Code   RO          659    i.PDOInhibitTimerAlarm  pdo.o
    0x08001086   0x00000002   PAD
    0x08001088   0x00000058   Code   RO          660    i.PDOInit           pdo.o
    0x080010e0   0x00000068   Code   RO          661    i.PDOStop           pdo.o
    0x08001148   0x00000044   Code   RO          401    i.ProducerHeartbeatAlarm  lifegrd.o
    0x0800118c   0x00000018   Code   RO         1908    i.RCC_AHB1PeriphClockCmd  stm32f4xx_rcc.o
    0x080011a4   0x00000018   Code   RO         1917    i.RCC_APB1PeriphClockCmd  stm32f4xx_rcc.o
    0x080011bc   0x00000018   Code   RO         1919    i.RCC_APB1PeriphResetCmd  stm32f4xx_rcc.o
    0x080011d4   0x00000024   Code   RO          604    i.RegisterSetODentryCallBack  objacces.o
    0x080011f8   0x0000007c   Code   RO          759    i.SDOTimeoutAlarm   sdo.o
    0x08001274   0x00000030   Code   RO          760    i.SDOlineToObjdict  sdo.o
    0x080012a4   0x00000036   Code   RO          761    i.SDOtoLine         sdo.o
    0x080012da   0x00000002   PAD
    0x080012dc   0x00000094   Code   RO         3353    i.SEGGER_RTT_Write  segger_rtt.o
    0x08001370   0x00000016   Code   RO         3423    i.SEGGER_RTT_printf  segger_rtt_printf.o
    0x08001386   0x00000178   Code   RO         3424    i.SEGGER_RTT_vprintf  segger_rtt_printf.o
    0x080014fe   0x00000002   PAD
    0x08001500   0x0000008c   Code   RO         1108    i.SetAlarm          timer.o
    0x0800158c   0x000000b4   Code   RO         3470    i.SetSysClock       system_stm32f4xx.o
    0x08001640   0x00000004   Code   RO         1039    i.SyncAlarm         sync.o
    0x08001644   0x0000005c   Code   RO         3472    i.SystemInit        system_stm32f4xx.o
    0x080016a0   0x00000034   Code   RO         1240    i.TIM4_IRQHandler   timer_stm32.o
    0x080016d4   0x00000060   Code   RO         1241    i.TIM4_start        timer_stm32.o
    0x08001734   0x00000006   Code   RO         2745    i.TIM_ClearITPendingBit  stm32f4xx_tim.o
    0x0800173a   0x00000014   Code   RO         2750    i.TIM_Cmd           stm32f4xx_tim.o
    0x0800174e   0x00000004   Code   RO         2769    i.TIM_GetCounter    stm32f4xx_tim.o
    0x08001752   0x00000018   Code   RO         2771    i.TIM_GetITStatus   stm32f4xx_tim.o
    0x0800176a   0x00000010   Code   RO         2775    i.TIM_ITConfig      stm32f4xx_tim.o
    0x0800177a   0x00000004   Code   RO         2810    i.TIM_SetAutoreload  stm32f4xx_tim.o
    0x0800177e   0x00000002   PAD
    0x08001780   0x0000007c   Code   RO         2822    i.TIM_TimeBaseInit  stm32f4xx_tim.o
    0x080017fc   0x00000066   Code   RO          662    i.TPDO_Communication_Parameter_Callback  pdo.o
    0x08001862   0x00000002   PAD
    0x08001864   0x00000098   Code   RO         1109    i.TimeDispatch      timer.o
    0x080018fc   0x00000002   Code   RO         3295    i.UsageFault_Handler  stm32f4xx_it.o
    0x080018fe   0x000000c0   Code   RO         3425    i._PrintInt         segger_rtt_printf.o
    0x080019be   0x00000002   PAD
    0x080019c0   0x000000d8   Code   RO         3426    i._PrintUnsigned    segger_rtt_printf.o
    0x08001a98   0x00000002   Code   RO          663    i._RxPDO_EventTimers_Handler  pdo.o
    0x08001a9a   0x0000003e   Code   RO         3427    i._StoreChar        segger_rtt_printf.o
    0x08001ad8   0x000000c8   Code   RO          605    i._getODentry       objacces.o
    0x08001ba0   0x00000002   Code   RO          402    i._heartbeatError   lifegrd.o
    0x08001ba2   0x00000002   Code   RO          959    i._initialisation   states.o
    0x08001ba4   0x00000002   Code   RO          403    i._nodeguardError   lifegrd.o
    0x08001ba6   0x00000002   Code   RO          960    i._operational      states.o
    0x08001ba8   0x00000002   Code   RO          404    i._post_SlaveBootup  lifegrd.o
    0x08001baa   0x00000002   Code   RO          405    i._post_SlaveStateChange  lifegrd.o
    0x08001bac   0x00000002   Code   RO         1040    i._post_TPDO        sync.o
    0x08001bae   0x00000002   Code   RO          334    i._post_emcy        emcy.o
    0x08001bb0   0x00000002   Code   RO         1041    i._post_sync        sync.o
    0x08001bb2   0x00000010   Code   RO          961    i._preOperational   states.o
    0x08001bc2   0x0000011e   Code   RO          664    i._sendPDOevent     pdo.o
    0x08001ce0   0x000000f0   Code   RO          606    i._setODentry       objacces.o
    0x08001dd0   0x00000002   Code   RO          962    i._stopped          states.o
    0x08001dd2   0x00000002   Code   RO          607    i._storeODSubIndex  objacces.o
    0x08001dd4   0x000000e4   Code   RO          665    i.buildPDO          pdo.o
    0x08001eb8   0x0000007a   Code   RO          963    i.canDispatch       states.o
    0x08001f32   0x00000002   PAD
    0x08001f34   0x000001bc   Code   RO         1153    i.canInit           can_stm32.o
    0x080020f0   0x00000048   Code   RO         1154    i.canSend           can_stm32.o
    0x08002138   0x00000020   Code   RO          335    i.emergencyInit     emcy.o
    0x08002158   0x00000002   Code   RO          336    i.emergencyStop     emcy.o
    0x0800215a   0x0000008e   Code   RO          765    i.failedSDO         sdo.o
    0x080021e8   0x00000024   Code   RO         1242    i.getElapsedTime    timer_stm32.o
    0x0800220c   0x00000006   Code   RO          964    i.getNodeId         states.o
    0x08002212   0x00000030   Code   RO          767    i.getSDOfreeLine    sdo.o
    0x08002242   0x0000003a   Code   RO          768    i.getSDOlineOnUse   sdo.o
    0x0800227c   0x0000001a   Code   RO          769    i.getSDOlineRestBytes  sdo.o
    0x08002296   0x00000002   PAD
    0x08002298   0x00000084   Code   RO          407    i.heartbeatInit     lifegrd.o
    0x0800231c   0x00000036   Code   RO          408    i.heartbeatStop     lifegrd.o
    0x08002352   0x00000002   PAD
    0x08002354   0x00000084   Code   RO          772    i.initSDOline       sdo.o
    0x080023d8   0x00000004   Code   RO         1243    i.initTimer         timer_stm32.o
    0x080023dc   0x00000012   Code   RO          409    i.lifeGuardInit     lifegrd.o
    0x080023ee   0x00000012   Code   RO          410    i.lifeGuardStop     lifegrd.o
    0x08002400   0x0000003c   Code   RO          773    i.lineToSDO         sdo.o
    0x0800243c   0x00000058   Code   RO            4    i.main              main.o
    0x08002494   0x00000022   Code   RO          539    i.masterSendNMTnodeguard  nmtmaster.o
    0x080024b6   0x00000026   Code   RO          540    i.masterSendNMTstateChange  nmtmaster.o
    0x080024dc   0x00000080   Code   RO          411    i.nodeguardInit     lifegrd.o
    0x0800255c   0x00000012   Code   RO          412    i.nodeguardStop     lifegrd.o
    0x0800256e   0x0000003c   Code   RO          774    i.objdictToSDOline  sdo.o
    0x080025aa   0x00000022   Code   RO          337    i.proceedEMCY       emcy.o
    0x080025cc   0x00000098   Code   RO          574    i.proceedNMTstateChange  nmtslave.o
    0x08002664   0x000000f8   Code   RO          413    i.proceedNODE_GUARD  lifegrd.o
    0x0800275c   0x00000226   Code   RO          666    i.proceedPDO        pdo.o
    0x08002982   0x00000002   PAD
    0x08002984   0x000012d8   Code   RO          775    i.proceedSDO        sdo.o
    0x08003c5c   0x00000028   Code   RO         1042    i.proceedSYNC       sync.o
    0x08003c84   0x00000018   Code   RO          779    i.resetSDO          sdo.o
    0x08003c9c   0x00000032   Code   RO          780    i.resetSDOline      sdo.o
    0x08003cce   0x00000016   Code   RO          609    i.scanIndexOD       objacces.o
    0x08003ce4   0x00000108   Code   RO          667    i.sendOnePDOevent   pdo.o
    0x08003dec   0x00000028   Code   RO          670    i.sendPdo           pdo.o
    0x08003e14   0x00000078   Code   RO          781    i.sendSDO           sdo.o
    0x08003e8c   0x00000038   Code   RO          782    i.sendSDOabort      sdo.o
    0x08003ec4   0x00000014   Code   RO         1043    i.sendSYNC          sync.o
    0x08003ed8   0x00000022   Code   RO         1044    i.sendSYNCMessage   sync.o
    0x08003efa   0x00000002   PAD
    0x08003efc   0x00000138   Code   RO          966    i.setNodeId         states.o
    0x08004034   0x00000016   Code   RO          783    i.setSDOlineRestBytes  sdo.o
    0x0800404a   0x00000002   PAD
    0x0800404c   0x000000a4   Code   RO          967    i.setState          states.o
    0x080040f0   0x0000000c   Code   RO         1244    i.setTimer          timer_stm32.o
    0x080040fc   0x0000002a   Code   RO          575    i.slaveSendBootUp   nmtslave.o
    0x08004126   0x00000002   PAD
    0x08004128   0x0000005c   Code   RO         1045    i.startSYNC         sync.o
    0x08004184   0x0000002c   Code   RO         1046    i.stopSYNC          sync.o
    0x080041b0   0x000000ea   Code   RO          968    i.switchCommunicationState  states.o
    0x0800429a   0x0000000a   Code   RO         3605    x$fpl$fpinit        fz_wm.l(fpinit.o)
    0x080042a4   0x00000040   Data   RO          969    .constdata          states.o
    0x080042e4   0x00000001   Data   RO         1394    .constdata          objdict.o
    0x080042e5   0x00000003   PAD
    0x080042e8   0x000000b0   Data   RO         1395    .constdata          objdict.o
    0x08004398   0x0000000c   Data   RO         1396    .constdata          objdict.o
    0x080043a4   0x0000000c   Data   RO         1397    .constdata          objdict.o
    0x080043b0   0x00000002   Data   RO         1398    .constdata          objdict.o
    0x080043b2   0x00000010   Data   RO         3428    .constdata          segger_rtt_printf.o
    0x080043c2   0x00000002   PAD
    0x080043c4   0x00000053   Data   RO         1305    .conststring        canopenobjdictconfig.o
    0x08004417   0x00000001   PAD
    0x08004418   0x00000009   Data   RO         3357    .conststring        segger_rtt.o
    0x08004421   0x00000003   PAD
    0x08004424   0x00000020   Data   RO         3673    Region$$Table       anon$$obj.o


    Execution Region RW_IRAM1 (Base: 0x20000000, Size: 0x00001350, Max: 0x00020000, ABSOLUTE, COMPRESSED[0x00000268])

    Base Addr    Size         Type   Attr      Idx    E Section Name        Object

    0x20000000   0x0000000c   Data   RW            5    .data               main.o
    0x2000000c   0x00000004   Data   RW          165    .data               globalvar.o
    0x20000010   0x00000008   Data   RW         1111    .data               timer.o
    0x20000018   0x00000004   Data   RW         1245    .data               timer_stm32.o
    0x2000001c   0x00000001   Data   RW         1306    .data               canopenobjdictconfig.o
    0x2000001d   0x00000001   PAD
    0x2000001e   0x00000002   Data   RW         1399    .data               objdict.o
    0x20000020   0x00000002   Data   RW         1400    .data               objdict.o
    0x20000022   0x00000002   PAD
    0x20000024   0x00000004   Data   RW         1401    .data               objdict.o
    0x20000028   0x00000002   Data   RW         1402    .data               objdict.o
    0x2000002a   0x00000002   Data   RW         1403    .data               objdict.o
    0x2000002c   0x00000004   Data   RW         1404    .data               objdict.o
    0x20000030   0x00000001   Data   RW         1405    .data               objdict.o
    0x20000031   0x00000003   PAD
    0x20000034   0x00000004   Data   RW         1406    .data               objdict.o
    0x20000038   0x00000004   Data   RW         1407    .data               objdict.o
    0x2000003c   0x00000001   Data   RW         1408    .data               objdict.o
    0x2000003d   0x00000003   PAD
    0x20000040   0x00000004   Data   RW         1409    .data               objdict.o
    0x20000044   0x0000000c   Data   RW         1410    .data               objdict.o
    0x20000050   0x00000001   Data   RW         1411    .data               objdict.o
    0x20000051   0x00000003   PAD
    0x20000054   0x0000000c   Data   RW         1412    .data               objdict.o
    0x20000060   0x00000001   Data   RW         1413    .data               objdict.o
    0x20000061   0x00000003   PAD
    0x20000064   0x00000004   Data   RW         1414    .data               objdict.o
    0x20000068   0x00000004   Data   RW         1417    .data               objdict.o
    0x2000006c   0x00000008   Data   RW         1418    .data               objdict.o
    0x20000074   0x0000000c   Data   RW         1419    .data               objdict.o
    0x20000080   0x00000004   Data   RW         1420    .data               objdict.o
    0x20000084   0x0000000c   Data   RW         1421    .data               objdict.o
    0x20000090   0x00000002   Data   RW         1422    .data               objdict.o
    0x20000092   0x00000001   Data   RW         1423    .data               objdict.o
    0x20000093   0x00000001   Data   RW         1424    .data               objdict.o
    0x20000094   0x00000004   Data   RW         1425    .data               objdict.o
    0x20000098   0x00000004   Data   RW         1426    .data               objdict.o
    0x2000009c   0x00000004   Data   RW         1427    .data               objdict.o
    0x200000a0   0x00000004   Data   RW         1428    .data               objdict.o
    0x200000a4   0x0000003c   Data   RW         1429    .data               objdict.o
    0x200000e0   0x00000001   Data   RW         1430    .data               objdict.o
    0x200000e1   0x00000003   PAD
    0x200000e4   0x00000004   Data   RW         1431    .data               objdict.o
    0x200000e8   0x00000004   Data   RW         1432    .data               objdict.o
    0x200000ec   0x00000004   Data   RW         1433    .data               objdict.o
    0x200000f0   0x00000004   Data   RW         1434    .data               objdict.o
    0x200000f4   0x0000003c   Data   RW         1435    .data               objdict.o
    0x20000130   0x00000004   Data   RW         1436    .data               objdict.o
    0x20000134   0x0000000c   Data   RW         1437    .data               objdict.o
    0x20000140   0x00000001   Data   RW         1438    .data               objdict.o
    0x20000141   0x00000001   PAD
    0x20000142   0x00000002   Data   RW         1439    .data               objdict.o
    0x20000144   0x00000004   Data   RW         1440    .data               objdict.o
    0x20000148   0x00000018   Data   RW         1441    .data               objdict.o
    0x20000160   0x00000002   Data   RW         1442    .data               objdict.o
    0x20000162   0x00000001   Data   RW         1443    .data               objdict.o
    0x20000163   0x00000001   PAD
    0x20000164   0x00000004   Data   RW         1444    .data               objdict.o
    0x20000168   0x00000004   Data   RW         1445    .data               objdict.o
    0x2000016c   0x00000004   Data   RW         1446    .data               objdict.o
    0x20000170   0x00000004   Data   RW         1447    .data               objdict.o
    0x20000174   0x0000003c   Data   RW         1448    .data               objdict.o
    0x200001b0   0x00000001   Data   RW         1449    .data               objdict.o
    0x200001b1   0x00000003   PAD
    0x200001b4   0x00000004   Data   RW         1450    .data               objdict.o
    0x200001b8   0x00000004   Data   RW         1451    .data               objdict.o
    0x200001bc   0x00000001   Data   RW         1452    .data               objdict.o
    0x200001bd   0x00000003   PAD
    0x200001c0   0x00000030   Data   RW         1453    .data               objdict.o
    0x200001f0   0x00000001   Data   RW         1454    .data               objdict.o
    0x200001f1   0x00000003   PAD
    0x200001f4   0x00000004   Data   RW         1455    .data               objdict.o
    0x200001f8   0x00000001   Data   RW         1456    .data               objdict.o
    0x200001f9   0x00000001   PAD
    0x200001fa   0x00000002   Data   RW         1457    .data               objdict.o
    0x200001fc   0x00000001   Data   RW         1458    .data               objdict.o
    0x200001fd   0x00000001   PAD
    0x200001fe   0x00000002   Data   RW         1459    .data               objdict.o
    0x20000200   0x00000048   Data   RW         1460    .data               objdict.o
    0x20000248   0x00000001   Data   RW         1461    .data               objdict.o
    0x20000249   0x00000003   PAD
    0x2000024c   0x00000004   Data   RW         1462    .data               objdict.o
    0x20000250   0x00000001   Data   RW         1463    .data               objdict.o
    0x20000251   0x00000001   PAD
    0x20000252   0x00000002   Data   RW         1464    .data               objdict.o
    0x20000254   0x00000001   Data   RW         1465    .data               objdict.o
    0x20000255   0x00000003   PAD
    0x20000258   0x00000048   Data   RW         1467    .data               objdict.o
    0x200002a0   0x00000001   Data   RW         1468    .data               objdict.o
    0x200002a1   0x00000003   PAD
    0x200002a4   0x00000008   Data   RW         1469    .data               objdict.o
    0x200002ac   0x00000024   Data   RW         1470    .data               objdict.o
    0x200002d0   0x00000001   Data   RW         1471    .data               objdict.o
    0x200002d1   0x00000003   PAD
    0x200002d4   0x00000008   Data   RW         1472    .data               objdict.o
    0x200002dc   0x00000024   Data   RW         1473    .data               objdict.o
    0x20000300   0x00000001   Data   RW         1474    .data               objdict.o
    0x20000301   0x00000003   PAD
    0x20000304   0x00000004   Data   RW         1475    .data               objdict.o
    0x20000308   0x00000001   Data   RW         1476    .data               objdict.o
    0x20000309   0x00000001   PAD
    0x2000030a   0x00000002   Data   RW         1477    .data               objdict.o
    0x2000030c   0x00000001   Data   RW         1478    .data               objdict.o
    0x2000030d   0x00000001   PAD
    0x2000030e   0x00000002   Data   RW         1479    .data               objdict.o
    0x20000310   0x00000048   Data   RW         1480    .data               objdict.o
    0x20000358   0x00000001   Data   RW         1481    .data               objdict.o
    0x20000359   0x00000003   PAD
    0x2000035c   0x00000004   Data   RW         1482    .data               objdict.o
    0x20000360   0x00000001   Data   RW         1483    .data               objdict.o
    0x20000361   0x00000001   PAD
    0x20000362   0x00000002   Data   RW         1484    .data               objdict.o
    0x20000364   0x00000001   Data   RW         1485    .data               objdict.o
    0x20000365   0x00000001   PAD
    0x20000366   0x00000002   Data   RW         1486    .data               objdict.o
    0x20000368   0x00000048   Data   RW         1487    .data               objdict.o
    0x200003b0   0x00000001   Data   RW         1488    .data               objdict.o
    0x200003b1   0x00000003   PAD
    0x200003b4   0x00000008   Data   RW         1489    .data               objdict.o
    0x200003bc   0x00000030   Data   RW         1490    .data               objdict.o
    0x200003ec   0x00000001   Data   RW         1491    .data               objdict.o
    0x200003ed   0x00000003   PAD
    0x200003f0   0x00000008   Data   RW         1492    .data               objdict.o
    0x200003f8   0x00000030   Data   RW         1493    .data               objdict.o
    0x20000428   0x00000001   Data   RW         1494    .data               objdict.o
    0x20000429   0x00000003   PAD
    0x2000042c   0x00000024   Data   RW         1495    .data               objdict.o
    0x20000450   0x00000001   Data   RW         1496    .data               objdict.o
    0x20000451   0x00000003   PAD
    0x20000454   0x00000024   Data   RW         1497    .data               objdict.o
    0x20000478   0x00000001   Data   RW         1498    .data               objdict.o
    0x20000479   0x00000003   PAD
    0x2000047c   0x00000024   Data   RW         1499    .data               objdict.o
    0x200004a0   0x00000001   Data   RW         1500    .data               objdict.o
    0x200004a1   0x00000003   PAD
    0x200004a4   0x00000030   Data   RW         1501    .data               objdict.o
    0x200004d4   0x00000024   Data   RW         1502    .data               objdict.o
    0x200004f8   0x0000023c   Data   RW         1503    .data               objdict.o
    0x20000734   0x0000007c   Data   RW         3358    .data               segger_rtt.o
    0x200007b0   0x000000c0   Zero   RW         1110    .bss                timer.o
    0x20000870   0x00000070   Zero   RW         1393    .bss                objdict.o
    0x200008e0   0x00000400   Zero   RW         3355    .bss                segger_rtt.o
    0x20000ce0   0x00000010   Zero   RW         3356    .bss                segger_rtt.o
    0x20000cf0   0x00000060   Zero   RW         3547    .bss                c_w.l(libspace.o)
    0x20000d50   0x00000200   Zero   RW         3461    HEAP                startup_stm32f40_41xxx.o
    0x20000f50   0x00000400   Zero   RW         3460    STACK               startup_stm32f40_41xxx.o


==============================================================================

Image component sizes


      Code (inc. data)   RO Data    RW Data    ZI Data      Debug   Object Name

       680         68          0          0          0       5588   can_stm32.o
       842        248         83          1          0       7958   canopenobjdictconfig.o
        64          6          0          0          0        578   device_dio.o
       108          6          0          0          0       3312   emcy.o
         0          0          0          4          0     275418   globalvar.o
       870         28          0          0          0      11692   lifegrd.o
        88          8          0         12          0      17489   main.o
       120         14          0          0          0       3499   misc.o
        72          0          0          0          0       1916   nmtmaster.o
       194          0          0          0          0       1586   nmtslave.o
       500         26          0          0          0       5740   objacces.o
       340         20        203       1743        112      11144   objdict.o
      1920         14          0          0          0      12782   pdo.o
      5848         42          0          0          0      19639   sdo.o
       148          6          9        124       1040       2450   segger_rtt.o
       868          6         16          0          0       6461   segger_rtt_printf.o
        64         26        392          0       1536        912   startup_stm32f40_41xxx.o
       860         26         64          0          0       7618   states.o
       878         22          0          0          0      15483   stm32f4xx_can.o
       156          0          0          0          0       9658   stm32f4xx_gpio.o
        12          0          0          0          0       3077   stm32f4xx_it.o
        72         18          0          0          0       1983   stm32f4xx_rcc.o
       198         28          0          0          0      26238   stm32f4xx_tim.o
       248          8          0          0          0       5900   sync.o
       272         36          0          0          0       1745   system_stm32f4xx.o
       336         26          0          8        192       4454   timer.o
       200         26          0          4          0       3931   timer_stm32.o

    ----------------------------------------------------------------------
     15988        708        808       1968       2880     468251   Object Totals
         0          0         32          0          0          0   (incl. Generated)
        30          0          9         72          0          0   (incl. Padding)

    ----------------------------------------------------------------------

      Code (inc. data)   RO Data    RW Data    ZI Data      Debug   Library Member Name

        90          0          0          0          0          0   __dczerorl2.o
         8          0          0          0          0         68   __main.o
         0          0          0          0          0          0   __rtentry.o
        12          0          0          0          0          0   __rtentry2.o
         6          0          0          0          0          0   __rtentry4.o
        52          8          0          0          0          0   __scatter.o
        28          0          0          0          0          0   __scatter_zi.o
        18          0          0          0          0         80   exit.o
         6          0          0          0          0        152   heapauxi.o
         0          0          0          0          0          0   indicate_semi.o
         2          0          0          0          0          0   libinit.o
         6          0          0          0          0          0   libinit2.o
         2          0          0          0          0          0   libshutdown.o
         2          0          0          0          0          0   libshutdown2.o
         8          4          0          0         96         68   libspace.o
        88          0          0          0          0         76   memcmp.o
       138          0          0          0          0         68   rt_memcpy_v6.o
       100          0          0          0          0         80   rt_memcpy_w.o
         2          0          0          0          0          0   rtexit.o
        10          0          0          0          0          0   rtexit2.o
        12          4          0          0          0         68   sys_exit.o
        74          0          0          0          0         80   sys_stackheap_outer.o
         2          0          0          0          0         68   use_no_semi.o
        10          0          0          0          0        116   fpinit.o

    ----------------------------------------------------------------------
       680         16          0          0         96        924   Library Totals
         4          0          0          0          0          0   (incl. Padding)

    ----------------------------------------------------------------------

      Code (inc. data)   RO Data    RW Data    ZI Data      Debug   Library Name

       666         16          0          0         96        808   c_w.l
        10          0          0          0          0        116   fz_wm.l

    ----------------------------------------------------------------------
       680         16          0          0         96        924   Library Totals

    ----------------------------------------------------------------------

==============================================================================


      Code (inc. data)   RO Data    RW Data    ZI Data      Debug   

     16668        724        808       1968       2976     455463   Grand Totals
     16668        724        808        616       2976     455463   ELF Image Totals (compressed)
     16668        724        808        616          0          0   ROM Totals

==============================================================================

    Total RO  Size (Code + RO Data)                17476 (  17.07kB)
    Total RW  Size (RW Data + ZI Data)              4944 (   4.83kB)
    Total ROM Size (Code + RO Data + RW Data)      18092 (  17.67kB)

==============================================================================

