<html>
<body>
<pre>
<h1>礦ision Build Log</h1>
<h2>Tool Versions:</h2>
IDE-Version: μVision V5.21.1.0
Copyright (C) 2016 ARM Ltd and ARM Germany GmbH. All rights reserved.
License Information: 8 DongXiaohui, 8, LIC=R4HV2-9HUJY-NT73G-VJELF-ZVPYP-WJ1ZG
 
Tool Versions:
Toolchain:       MDK-ARM Professional  Version: 5.21a
Toolchain Path:  G:\MDK\ARM\ARMCC\Bin
C Compiler:      Armcc.exe V5.06 update 3 (build 300)
Assembler:       Armasm.exe V5.06 update 3 (build 300)
Linker/Locator:  ArmLink.exe V5.06 update 3 (build 300)
Library Manager: ArmAr.exe V5.06 update 3 (build 300)
Hex Converter:   FromElf.exe V5.06 update 3 (build 300)
CPU DLL:         SARMCM3.DLL V5.21a
Dialog DLL:      DCM.DLL V1.13.8.0
Target DLL:      Segger\JL2CM3.dll V2.99.23.0
Dialog DLL:      TCM.DLL V1.14.14.0
 
<h2>Project:</h2>
E:\我的下载\Code.Stm32f407CanopenMaster\MDK\Project.uvprojx
Project File Date:  03/24/2020

<h2>Output:</h2>
*** Using Compiler 'V5.06 update 3 (build 300)', folder: 'G:\MDK\ARM\ARMCC\Bin'
Build target 'System'
compiling main.c...
..\SoureFile\System\Device\Driver\CMSIS\core_cm4_simd.h(127): warning:  #47-D: incompatible redefinition of macro "__SMMLA" (declared at line 727 of "G:\MDK\ARM\PACK\ARM\CMSIS\4.5.0\CMSIS\Include\cmsis_armcc.h")
  #define __SMMLA(ARG1,ARG2,ARG3)          ( (int32_t)((((int64_t)(ARG1) * (ARG2)) + \
..\SoureFile\App\main.c: 1 warning, 0 errors
linking...
Program Size: Code=16668 RO-data=808 RW-data=1968 ZI-data=2976  
FromELF: creating hex file...
".\Output\System.axf" - 0 Error(s), 1 Warning(s).

<h2>Software Packages used:</h2>

Package Vendor: ARM
                http://www.keil.com/pack/ARM.CMSIS.4.5.0.pack
                ARM::CMSIS:CORE:4.3.0
                CMSIS (Cortex Microcontroller Software Interface Standard)
   * Component: CORE Version: 4.3.0

<h2>Collection of Component include folders:</h2>
  E:\我的下载\Code.Stm32f407CanopenMaster\MDK\RTE
  G:\MDK\ARM\PACK\ARM\CMSIS\4.5.0\CMSIS\Include
  G:\MDK\ARM\PACK\Keil\STM32F4xx_DFP\2.6.0\Drivers\CMSIS\Device\ST\STM32F4xx\Include

<h2>Collection of Component Files used:</h2>

   * Component: ARM::CMSIS:CORE:4.3.0
Build Time Elapsed:  00:00:02
</pre>
</body>
</html>
